{"date": "2026-09-16", "shares": 469151420.1302326, "source": "derived", "ticker": "RSP"}
{"date": "2026-09-16", "shares": 281049984.0, "source": "reported", "ticker": "IWM"}
{"date": "2026-09-16", "shares": 438303574.86535007, "source": "derived", "ticker": "VGK"}
{"date": "2026-09-16", "shares": 1418119936.0, "source": "reported", "ticker": "VWO"}
{"date": "2026-09-16", "shares": 318620788.14334786, "source": "derived", "ticker": "SHY"}
{"date": "2026-09-16", "shares": 460010672.00470746, "source": "derived", "ticker": "IEF"}
{"date": "2026-09-16", "shares": 109700000.0, "source": "reported", "ticker": "TLT"}
{"date": "2026-09-16", "shares": 141890048.35389546, "source": "derived", "ticker": "TIP"}
{"date": "2026-09-16", "shares": 307149989.17305017, "source": "derived", "ticker": "LQD"}
{"date": "2026-09-16", "shares": 206168222.09349066, "source": "derived", "ticker": "HYG"}
{"date": "2026-09-16", "shares": 160099877.47149947, "source": "derived", "ticker": "EMB"}
{"date": "2026-09-16", "shares": 54238610.37394451, "source": "derived", "ticker": "DBC"}
{"date": "2026-09-16", "shares": 10615093.674484719, "source": "derived", "ticker": "UUP"}
{"date": "2026-09-16", "shares": 186424000.0, "source": "reported", "ticker": "XLE"}
{"date": "2026-09-16", "shares": 883444992.0, "source": "reported", "ticker": "XLF"}
{"date": "2026-09-16", "shares": 54113561.56371699, "source": "derived", "ticker": "KRE"}
{"date": "2026-09-16", "shares": 261809500.43448308, "source": "derived", "ticker": "XLV"}
{"date": "2026-09-16", "shares": 72370095.09738977, "source": "derived", "ticker": "XBI"}
{"date": "2026-09-16", "shares": 659134386.1587878, "source": "derived", "ticker": "XLK"}
{"date": "2026-09-16", "shares": 195013851.52529535, "source": "derived", "ticker": "XLC"}
{"date": "2026-09-16", "shares": 125357430.4724919, "source": "derived", "ticker": "SMH"}
{"date": "2026-09-16", "shares": 136626000.0, "source": "reported", "ticker": "XLI"}
{"date": "2026-09-16", "shares": 62893888.651481405, "source": "derived", "ticker": "ITA"}
{"date": "2026-09-16", "shares": 26685980.703783117, "source": "derived", "ticker": "IYT"}
{"date": "2026-09-16", "shares": 201649736.82057557, "source": "derived", "ticker": "XLY"}
{"date": "2026-09-16", "shares": 210172000.0, "source": "reported", "ticker": "XLP"}
{"date": "2026-09-16", "shares": 163274000.0, "source": "reported", "ticker": "XLU"}
{"date": "2026-09-16", "shares": 71923696.0, "source": "reported", "ticker": "XLB"}
{"date": "2026-09-16", "shares": 751117433.9590625, "source": "derived", "ticker": "VNQ"}
{"date": "2026-09-16", "shares": 13559738.343665186, "source": "derived", "ticker": "XHB"}
{"date": "2026-09-16", "shares": 323275737.84928024, "source": "derived", "ticker": "GDX"}
{"date": "2026-09-16", "shares": 233695171.53702605, "source": "derived", "ticker": "EWJ"}
{"date": "2026-09-16", "shares": 2550000.0, "source": "reported", "ticker": "EIS"}
{"date": "2026-09-16", "shares": 78933999.61538212, "source": "derived", "ticker": "EWU"}
{"date": "2026-09-16", "shares": 79500000.0, "source": "reported", "ticker": "EWG"}
{"date": "2026-09-16", "shares": 28625000.0, "source": "reported", "ticker": "EWL"}
{"date": "2026-09-16", "shares": 5550000.0, "source": "reported", "ticker": "EWN"}
{"date": "2026-09-16", "shares": 18638823.760336295, "source": "derived", "ticker": "EWI"}
{"date": "2026-09-16", "shares": 37350000.0, "source": "reported", "ticker": "EWP"}
{"date": "2026-09-16", "shares": 14720936.474810306, "source": "derived", "ticker": "EWD"}
{"date": "2026-09-16", "shares": 113230710.46001734, "source": "derived", "ticker": "EWC"}
{"date": "2026-09-16", "shares": 45895688.15935412, "source": "derived", "ticker": "EWA"}
{"date": "2026-09-16", "shares": 118347352.25033842, "source": "derived", "ticker": "MCHI"}
{"date": "2026-09-16", "shares": 138880178.62773785, "source": "derived", "ticker": "INDA"}
{"date": "2026-09-16", "shares": 155263276.00183207, "source": "derived", "ticker": "EWY"}
{"date": "2026-09-16", "shares": 108830065.7807421, "source": "derived", "ticker": "EWT"}
{"date": "2026-09-16", "shares": 200550000.0, "source": "reported", "ticker": "EWZ"}
{"date": "2026-09-16", "shares": 18900000.0, "source": "reported", "ticker": "EWW"}
{"date": "2026-09-16", "shares": 16851055.645066578, "source": "derived", "ticker": "KSA"}
{"date": "2026-09-16", "shares": 15650000.0, "source": "reported", "ticker": "TUR"}
{"date": "2026-09-16", "shares": 7900000.0, "source": "reported", "ticker": "EZA"}
{"date": "2026-09-16", "shares": 18895533.067065254, "source": "derived", "ticker": "EPOL"}
{"date": "2026-09-16", "shares": 8552724.221126612, "source": "derived", "ticker": "ARGT"}
{"date": "2026-09-16", "shares": 260300000.0, "source": "reported", "ticker": "GLD"}
{"date": "2026-09-16", "shares": 611296651.3926885, "source": "derived", "ticker": "SLV"}
{"date": "2026-09-16", "shares": 19557378.37556042, "source": "derived", "ticker": "CPER"}
{"date": "2026-09-16", "shares": 12153974.541144816, "source": "derived", "ticker": "USO"}
{"date": "2026-09-16", "shares": 55632560.72971676, "source": "derived", "ticker": "UNG"}
{"date": "2026-09-16", "shares": 8261015.890805748, "source": "derived", "ticker": "CORN"}
{"date": "2026-09-16", "shares": 13872780.581737878, "source": "derived", "ticker": "WEAT"}
{"date": "2026-09-16", "shares": 1677325.581395349, "source": "derived", "ticker": "SOYB"}
{"date": "2026-09-16", "shares": 5067310.397726778, "source": "derived", "ticker": "CANE"}
{"date": "2026-09-16", "shares": 155552992.0, "source": "reported", "ticker": "RSP"}
{"date": "2026-09-16", "shares": 281049984.0, "source": "reported", "ticker": "IWM"}
{"date": "2026-09-16", "shares": 282092992.0, "source": "reported", "ticker": "VGK"}
{"date": "2026-09-16", "shares": 1418119936.0, "source": "reported", "ticker": "VWO"}
{"date": "2026-09-16", "shares": 209300000.0, "source": "reported", "ticker": "SHY"}
{"date": "2026-09-16", "shares": 146000000.0, "source": "reported", "ticker": "IEF"}
{"date": "2026-09-16", "shares": 109700000.0, "source": "reported", "ticker": "TLT"}
{"date": "2026-09-16", "shares": 177700000.0, "source": "reported", "ticker": "TIP"}
{"date": "2026-09-16", "shares": 293500000.0, "source": "reported", "ticker": "LQD"}
{"date": "2026-09-16", "shares": 195600000.0, "source": "reported", "ticker": "HYG"}
{"date": "2026-09-16", "shares": 160099877.47149947, "source": "derived", "ticker": "EMB"}
{"date": "2026-09-16", "shares": 111400000.0, "source": "reported", "ticker": "DBC"}
{"date": "2026-09-16", "shares": 27600000.0, "source": "reported", "ticker": "DBA"}
{"date": "2026-09-16", "shares": 10615093.674484719, "source": "derived", "ticker": "UUP"}
{"date": "2026-09-16", "shares": 186424000.0, "source": "reported", "ticker": "XLE"}
{"date": "2026-09-16", "shares": 883444992.0, "source": "reported", "ticker": "XLF"}
{"date": "2026-09-16", "shares": 54113561.56371699, "source": "derived", "ticker": "KRE"}
{"date": "2026-09-16", "shares": 197415008.0, "source": "reported", "ticker": "XLV"}
{"date": "2026-09-16", "shares": 72370095.09738977, "source": "derived", "ticker": "XBI"}
{"date": "2026-09-16", "shares": 272056000.0, "source": "reported", "ticker": "XLK"}
{"date": "2026-09-16", "shares": 195013851.52529535, "source": "derived", "ticker": "XLC"}
{"date": "2026-09-16", "shares": 11670900.0, "source": "reported", "ticker": "SMH"}
{"date": "2026-09-16", "shares": 12500000.0, "source": "reported", "ticker": "IGV"}
{"date": "2026-09-16", "shares": 136626000.0, "source": "reported", "ticker": "XLI"}
{"date": "2026-09-16", "shares": 62893888.651481405, "source": "derived", "ticker": "ITA"}
{"date": "2026-09-16", "shares": 2800000.0, "source": "reported", "ticker": "IYT"}
{"date": "2026-09-16", "shares": 120253000.0, "source": "reported", "ticker": "XLY"}
{"date": "2026-09-16", "shares": 210172000.0, "source": "reported", "ticker": "XLP"}
{"date": "2026-09-16", "shares": 163274000.0, "source": "reported", "ticker": "XLU"}
{"date": "2026-09-16", "shares": 71923696.0, "source": "reported", "ticker": "XLB"}
{"date": "2026-09-16", "shares": 370180992.0, "source": "reported", "ticker": "VNQ"}
{"date": "2026-09-16", "shares": 13559738.343665186, "source": "derived", "ticker": "XHB"}
{"date": "2026-09-16", "shares": 323275737.84928024, "source": "derived", "ticker": "GDX"}
{"date": "2026-09-16", "shares": 227850000.0, "source": "reported", "ticker": "EWJ"}
{"date": "2026-09-16", "shares": 2550000.0, "source": "reported", "ticker": "EIS"}
{"date": "2026-09-16", "shares": 67800000.0, "source": "reported", "ticker": "EWU"}
{"date": "2026-09-16", "shares": 79500000.0, "source": "reported", "ticker": "EWG"}
{"date": "2026-09-16", "shares": 28625000.0, "source": "reported", "ticker": "EWL"}
{"date": "2026-09-16", "shares": 5550000.0, "source": "reported", "ticker": "EWN"}
{"date": "2026-09-16", "shares": 37350000.0, "source": "reported", "ticker": "EWP"}
{"date": "2026-09-16", "shares": 7650000.0, "source": "reported", "ticker": "EWD"}
{"date": "2026-09-16", "shares": 94800000.0, "source": "reported", "ticker": "EWC"}
{"date": "2026-09-16", "shares": 63600000.0, "source": "reported", "ticker": "EWA"}
{"date": "2026-09-16", "shares": 118347352.25033842, "source": "derived", "ticker": "MCHI"}
{"date": "2026-09-16", "shares": 138880178.62773785, "source": "derived", "ticker": "INDA"}
{"date": "2026-09-16", "shares": 75600000.0, "source": "reported", "ticker": "EWY"}
{"date": "2026-09-16", "shares": 85000000.0, "source": "reported", "ticker": "EWT"}
{"date": "2026-09-16", "shares": 200550000.0, "source": "reported", "ticker": "EWZ"}
{"date": "2026-09-16", "shares": 18900000.0, "source": "reported", "ticker": "EWW"}
{"date": "2026-09-16", "shares": 16851055.645066578, "source": "derived", "ticker": "KSA"}
{"date": "2026-09-16", "shares": 15650000.0, "source": "reported", "ticker": "TUR"}
{"date": "2026-09-16", "shares": 7900000.0, "source": "reported", "ticker": "EZA"}
{"date": "2026-09-16", "shares": 18895533.067065254, "source": "derived", "ticker": "EPOL"}
{"date": "2026-09-16", "shares": 8552724.221126612, "source": "derived", "ticker": "ARGT"}
{"date": "2026-09-16", "shares": 260300000.0, "source": "reported", "ticker": "GLD"}
{"date": "2026-09-16", "shares": 341449984.0, "source": "reported", "ticker": "SLV"}
{"date": "2026-09-16", "shares": 19557378.37556042, "source": "derived", "ticker": "CPER"}
{"date": "2026-09-16", "shares": 119100000.0, "source": "reported", "ticker": "USO"}
{"date": "2026-09-16", "shares": 12084600.0, "source": "reported", "ticker": "UNG"}
{"date": "2026-09-16", "shares": 8261015.890805748, "source": "derived", "ticker": "CORN"}
{"date": "2026-09-16", "shares": 13872780.581737878, "source": "derived", "ticker": "WEAT"}
{"date": "2026-09-16", "shares": 1677325.581395349, "source": "derived", "ticker": "SOYB"}
{"date": "2026-09-16", "shares": 5067310.397726778, "source": "derived", "ticker": "CANE"}
{"date": "2026-09-17", "shares": 155552992.0, "source": "reported", "ticker": "RSP"}
{"date": "2026-09-17", "shares": 281049984.0, "source": "reported", "ticker": "IWM"}
{"date": "2026-09-17", "shares": 282092992.0, "source": "reported", "ticker": "VGK"}
{"date": "2026-09-17", "shares": 1418119936.0, "source": "reported", "ticker": "VWO"}
{"date": "2026-09-17", "shares": 209300000.0, "source": "reported", "ticker": "SHY"}
{"date": "2026-09-17", "shares": 146000000.0, "source": "reported", "ticker": "IEF"}
{"date": "2026-09-17", "shares": 109700000.0, "source": "reported", "ticker": "TLT"}
{"date": "2026-09-17", "shares": 177700000.0, "source": "reported", "ticker": "TIP"}
{"date": "2026-09-17", "shares": 293500000.0, "source": "reported", "ticker": "LQD"}
{"date": "2026-09-17", "shares": 195600000.0, "source": "reported", "ticker": "HYG"}
{"date": "2026-09-17", "shares": 160099877.47149947, "source": "derived", "ticker": "EMB"}
{"date": "2026-09-17", "shares": 111400000.0, "source": "reported", "ticker": "DBC"}
{"date": "2026-09-17", "shares": 27600000.0, "source": "reported", "ticker": "DBA"}
{"date": "2026-09-17", "shares": 10615093.674484719, "source": "derived", "ticker": "UUP"}
{"date": "2026-09-17", "shares": 186424000.0, "source": "reported", "ticker": "XLE"}
{"date": "2026-09-17", "shares": 883444992.0, "source": "reported", "ticker": "XLF"}
{"date": "2026-09-17", "shares": 54113561.56371699, "source": "derived", "ticker": "KRE"}
{"date": "2026-09-17", "shares": 197415008.0, "source": "reported", "ticker": "XLV"}
{"date": "2026-09-17", "shares": 72370095.09738977, "source": "derived", "ticker": "XBI"}
{"date": "2026-09-17", "shares": 195013851.52529535, "source": "derived", "ticker": "XLC"}
{"date": "2026-09-17", "shares": 11670900.0, "source": "reported", "ticker": "SMH"}
{"date": "2026-09-17", "shares": 12500000.0, "source": "reported", "ticker": "IGV"}
{"date": "2026-09-17", "shares": 62893888.651481405, "source": "derived", "ticker": "ITA"}
{"date": "2026-09-17", "shares": 2800000.0, "source": "reported", "ticker": "IYT"}
{"date": "2026-09-17", "shares": 120253000.0, "source": "reported", "ticker": "XLY"}
{"date": "2026-09-17", "shares": 210172000.0, "source": "reported", "ticker": "XLP"}
{"date": "2026-09-17", "shares": 163274000.0, "source": "reported", "ticker": "XLU"}
{"date": "2026-09-17", "shares": 71923696.0, "source": "reported", "ticker": "XLB"}
{"date": "2026-09-17", "shares": 13559738.343665186, "source": "derived", "ticker": "XHB"}
{"date": "2026-09-17", "shares": 323275737.84928024, "source": "derived", "ticker": "GDX"}
{"date": "2026-09-17", "shares": 227850000.0, "source": "reported", "ticker": "EWJ"}
{"date": "2026-09-17", "shares": 2550000.0, "source": "reported", "ticker": "EIS"}
{"date": "2026-09-17", "shares": 67800000.0, "source": "reported", "ticker": "EWU"}
{"date": "2026-09-17", "shares": 79500000.0, "source": "reported", "ticker": "EWG"}
{"date": "2026-09-17", "shares": 28625000.0, "source": "reported", "ticker": "EWL"}
{"date": "2026-09-17", "shares": 5550000.0, "source": "reported", "ticker": "EWN"}
{"date": "2026-09-17", "shares": 8550000.0, "source": "reported", "ticker": "EWI"}
{"date": "2026-09-17", "shares": 37350000.0, "source": "reported", "ticker": "EWP"}
{"date": "2026-09-17", "shares": 7650000.0, "source": "reported", "ticker": "EWD"}
{"date": "2026-09-17", "shares": 94800000.0, "source": "reported", "ticker": "EWC"}
{"date": "2026-09-17", "shares": 63600000.0, "source": "reported", "ticker": "EWA"}
{"date": "2026-09-17", "shares": 118347352.25033842, "source": "derived", "ticker": "MCHI"}
{"date": "2026-09-17", "shares": 138880178.62773785, "source": "derived", "ticker": "INDA"}
{"date": "2026-09-17", "shares": 75600000.0, "source": "reported", "ticker": "EWY"}
{"date": "2026-09-17", "shares": 85000000.0, "source": "reported", "ticker": "EWT"}
{"date": "2026-09-17", "shares": 200550000.0, "source": "reported", "ticker": "EWZ"}
{"date": "2026-09-17", "shares": 18900000.0, "source": "reported", "ticker": "EWW"}
{"date": "2026-09-17", "shares": 16851055.645066578, "source": "derived", "ticker": "KSA"}
{"date": "2026-09-17", "shares": 15650000.0, "source": "reported", "ticker": "TUR"}
{"date": "2026-09-17", "shares": 7900000.0, "source": "reported", "ticker": "EZA"}
{"date": "2026-09-17", "shares": 18895533.067065254, "source": "derived", "ticker": "EPOL"}
{"date": "2026-09-17", "shares": 8552724.221126612, "source": "derived", "ticker": "ARGT"}
{"date": "2026-09-17", "shares": 260300000.0, "source": "reported", "ticker": "GLD"}
{"date": "2026-09-17", "shares": 341449984.0, "source": "reported", "ticker": "SLV"}
{"date": "2026-09-17", "shares": 19557378.37556042, "source": "derived", "ticker": "CPER"}
{"date": "2026-09-17", "shares": 119100000.0, "source": "reported", "ticker": "USO"}
{"date": "2026-09-17", "shares": 12084600.0, "source": "reported", "ticker": "UNG"}
{"date": "2026-09-17", "shares": 8261015.890805748, "source": "derived", "ticker": "CORN"}
{"date": "2026-09-17", "shares": 13872780.581737878, "source": "derived", "ticker": "WEAT"}
{"date": "2026-09-17", "shares": 1677325.581395349, "source": "derived", "ticker": "SOYB"}
{"date": "2026-09-17", "shares": 5067310.397726778, "source": "derived", "ticker": "CANE"}
{"date": "2026-09-17", "shares": 469151420.1302326, "source": "derived", "ticker": "RSP"}
{"date": "2026-09-17", "shares": 281049984.0, "source": "reported", "ticker": "IWM"}
{"date": "2026-09-17", "shares": 438303574.86535007, "source": "derived", "ticker": "VGK"}
{"date": "2026-09-17", "shares": 1418119936.0, "source": "reported", "ticker": "VWO"}
{"date": "2026-09-17", "shares": 318620788.14334786, "source": "derived", "ticker": "SHY"}
{"date": "2026-09-17", "shares": 460010672.00470746, "source": "derived", "ticker": "IEF"}
{"date": "2026-09-17", "shares": 141890048.35389546, "source": "derived", "ticker": "TIP"}
{"date": "2026-09-17", "shares": 307149989.17305017, "source": "derived", "ticker": "LQD"}
{"date": "2026-09-17", "shares": 206168222.09349066, "source": "derived", "ticker": "HYG"}
{"date": "2026-09-17", "shares": 160099877.47149947, "source": "derived", "ticker": "EMB"}
{"date": "2026-09-17", "shares": 54238610.37394451, "source": "derived", "ticker": "DBC"}
{"date": "2026-09-17", "shares": 27600000.0, "source": "reported", "ticker": "DBA"}
{"date": "2026-09-17", "shares": 10615093.674484719, "source": "derived", "ticker": "UUP"}
{"date": "2026-09-17", "shares": 186424000.0, "source": "reported", "ticker": "XLE"}
{"date": "2026-09-17", "shares": 883444992.0, "source": "reported", "ticker": "XLF"}
{"date": "2026-09-17", "shares": 54113561.56371699, "source": "derived", "ticker": "KRE"}
{"date": "2026-09-17", "shares": 261809500.43448308, "source": "derived", "ticker": "XLV"}
{"date": "2026-09-17", "shares": 72370095.09738977, "source": "derived", "ticker": "XBI"}
{"date": "2026-09-17", "shares": 659134386.1587878, "source": "derived", "ticker": "XLK"}
{"date": "2026-09-17", "shares": 195013851.52529535, "source": "derived", "ticker": "XLC"}
{"date": "2026-09-17", "shares": 125357430.4724919, "source": "derived", "ticker": "SMH"}
{"date": "2026-09-17", "shares": 136626000.0, "source": "reported", "ticker": "XLI"}
{"date": "2026-09-17", "shares": 62893888.651481405, "source": "derived", "ticker": "ITA"}
{"date": "2026-09-17", "shares": 26685980.703783117, "source": "derived", "ticker": "IYT"}
{"date": "2026-09-17", "shares": 201649736.82057557, "source": "derived", "ticker": "XLY"}
{"date": "2026-09-17", "shares": 210172000.0, "source": "reported", "ticker": "XLP"}
{"date": "2026-09-17", "shares": 163274000.0, "source": "reported", "ticker": "XLU"}
{"date": "2026-09-17", "shares": 71923696.0, "source": "reported", "ticker": "XLB"}
{"date": "2026-09-17", "shares": 751117433.9590625, "source": "derived", "ticker": "VNQ"}
{"date": "2026-09-17", "shares": 13559738.343665186, "source": "derived", "ticker": "XHB"}
{"date": "2026-09-17", "shares": 323275737.84928024, "source": "derived", "ticker": "GDX"}
{"date": "2026-09-17", "shares": 233695171.53702605, "source": "derived", "ticker": "EWJ"}
{"date": "2026-09-17", "shares": 2550000.0, "source": "reported", "ticker": "EIS"}
{"date": "2026-09-17", "shares": 78933999.61538212, "source": "derived", "ticker": "EWU"}
{"date": "2026-09-17", "shares": 79500000.0, "source": "reported", "ticker": "EWG"}
{"date": "2026-09-17", "shares": 28625000.0, "source": "reported", "ticker": "EWL"}
{"date": "2026-09-17", "shares": 5550000.0, "source": "reported", "ticker": "EWN"}
{"date": "2026-09-17", "shares": 18638823.760336295, "source": "derived", "ticker": "EWI"}
{"date": "2026-09-18", "shares": 475297122.4578268, "source": "derived", "ticker": "RSP"}
{"date": "2026-09-18", "shares": 281049984.0, "source": "reported", "ticker": "IWM"}
{"date": "2026-09-18", "shares": 442273715.942029, "source": "derived", "ticker": "VGK"}
{"date": "2026-09-18", "shares": 1418119936.0, "source": "reported", "ticker": "VWO"}
{"date": "2026-09-18", "shares": 318968352.03834945, "source": "derived", "ticker": "SHY"}
{"date": "2026-09-18", "shares": 461147821.43115073, "source": "derived", "ticker": "IEF"}
{"date": "2026-09-18", "shares": 109700000.0, "source": "reported", "ticker": "TLT"}
{"date": "2026-09-18", "shares": 142469451.96546963, "source": "derived", "ticker": "TIP"}
{"date": "2026-09-18", "shares": 306911104.3702165, "source": "derived", "ticker": "LQD"}
{"date": "2026-09-18", "shares": 206313859.16525584, "source": "derived", "ticker": "HYG"}
{"date": "2026-09-18", "shares": 160257640.7597721, "source": "derived", "ticker": "EMB"}
{"date": "2026-09-18", "shares": 54026804.44577952, "source": "derived", "ticker": "DBC"}
{"date": "2026-09-18", "shares": 27600000.0, "source": "reported", "ticker": "DBA"}
{"date": "2026-09-18", "shares": 10521618.034519197, "source": "derived", "ticker": "UUP"}
{"date": "2026-09-18", "shares": 186424000.0, "source": "reported", "ticker": "XLE"}
{"date": "2026-09-18", "shares": 883444992.0, "source": "reported", "ticker": "XLF"}
{"date": "2026-09-18", "shares": 55108963.97496206, "source": "derived", "ticker": "KRE"}
{"date": "2026-09-18", "shares": 261783168.61262167, "source": "derived", "ticker": "XLV"}
{"date": "2026-09-18", "shares": 73988445.48886314, "source": "derived", "ticker": "XBI"}
{"date": "2026-09-18", "shares": 660087588.6051232, "source": "derived", "ticker": "XLK"}
{"date": "2026-09-18", "shares": 198533635.60718197, "source": "derived", "ticker": "XLC"}
{"date": "2026-09-18", "shares": 124270423.34824374, "source": "derived", "ticker": "SMH"}
{"date": "2026-09-18", "shares": 12500000.0, "source": "reported", "ticker": "IGV"}
{"date": "2026-09-18", "shares": 136626000.0, "source": "reported", "ticker": "XLI"}
{"date": "2026-09-18", "shares": 63318402.34008766, "source": "derived", "ticker": "ITA"}
{"date": "2026-09-18", "shares": 27464979.579448402, "source": "derived", "ticker": "IYT"}
{"date": "2026-09-18", "shares": 206545135.2822637, "source": "derived", "ticker": "XLY"}
{"date": "2026-09-18", "shares": 210172000.0, "source": "reported", "ticker": "XLP"}
{"date": "2026-09-18", "shares": 163274000.0, "source": "reported", "ticker": "XLU"}
{"date": "2026-09-18", "shares": 71923696.0, "source": "reported", "ticker": "XLB"}
{"date": "2026-09-18", "shares": 757706888.2850113, "source": "derived", "ticker": "VNQ"}
{"date": "2026-09-18", "shares": 13758975.336439846, "source": "derived", "ticker": "XHB"}
{"date": "2026-09-18", "shares": 328809255.1620196, "source": "derived", "ticker": "GDX"}
{"date": "2026-09-18", "shares": 234821011.57021233, "source": "derived", "ticker": "EWJ"}
{"date": "2026-09-18", "shares": 2550000.0, "source": "reported", "ticker": "EIS"}
{"date": "2026-09-18", "shares": 80058674.79941438, "source": "derived", "ticker": "EWU"}
{"date": "2026-09-18", "shares": 79500000.0, "source": "reported", "ticker": "EWG"}
{"date": "2026-09-18", "shares": 28625000.0, "source": "reported", "ticker": "EWL"}
{"date": "2026-09-18", "shares": 5550000.0, "source": "reported", "ticker": "EWN"}
{"date": "2026-09-18", "shares": 18741735.826063056, "source": "derived", "ticker": "EWI"}
{"date": "2026-09-18", "shares": 37350000.0, "source": "reported", "ticker": "EWP"}
{"date": "2026-09-18", "shares": 14797352.962253591, "source": "derived", "ticker": "EWD"}
{"date": "2026-09-18", "shares": 114451199.32828791, "source": "derived", "ticker": "EWC"}
{"date": "2026-09-18", "shares": 46724545.31145215, "source": "derived", "ticker": "EWA"}
{"date": "2026-09-18", "shares": 120502356.91518359, "source": "derived", "ticker": "MCHI"}
{"date": "2026-09-18", "shares": 141656705.7150883, "source": "derived", "ticker": "INDA"}
{"date": "2026-09-18", "shares": 156787257.93660063, "source": "derived", "ticker": "EWY"}
{"date": "2026-09-18", "shares": 108589022.2119696, "source": "derived", "ticker": "EWT"}
{"date": "2026-09-18", "shares": 200550000.0, "source": "reported", "ticker": "EWZ"}
{"date": "2026-09-18", "shares": 18900000.0, "source": "reported", "ticker": "EWW"}
{"date": "2026-09-18", "shares": 17032823.970321197, "source": "derived", "ticker": "KSA"}
{"date": "2026-09-18", "shares": 15650000.0, "source": "reported", "ticker": "TUR"}
{"date": "2026-09-18", "shares": 7900000.0, "source": "reported", "ticker": "EZA"}
{"date": "2026-09-18", "shares": 19238466.583869863, "source": "derived", "ticker": "EPOL"}
{"date": "2026-09-18", "shares": 8723851.915257866, "source": "derived", "ticker": "ARGT"}
{"date": "2026-09-18", "shares": 260300000.0, "source": "reported", "ticker": "GLD"}
{"date": "2026-09-18", "shares": 593039402.0079434, "source": "derived", "ticker": "SLV"}
{"date": "2026-09-18", "shares": 19235976.515831303, "source": "derived", "ticker": "CPER"}
{"date": "2026-09-18", "shares": 12106276.91915002, "source": "derived", "ticker": "USO"}
{"date": "2026-09-18", "shares": 55890143.72528214, "source": "derived", "ticker": "UNG"}
{"date": "2026-09-18", "shares": 8263000.360331505, "source": "derived", "ticker": "CORN"}
{"date": "2026-09-18", "shares": 13721791.748704711, "source": "derived", "ticker": "WEAT"}
{"date": "2026-09-18", "shares": 1657080.6022396456, "source": "derived", "ticker": "SOYB"}
{"date": "2026-09-18", "shares": 5114475.538625307, "source": "derived", "ticker": "CANE"}
{"date": "2026-09-21", "shares": 475095639.99811596, "source": "derived", "ticker": "RSP"}
{"date": "2026-09-21", "shares": 281049984.0, "source": "reported", "ticker": "IWM"}
{"date": "2026-09-21", "shares": 441873468.2352941, "source": "derived", "ticker": "VGK"}
{"date": "2026-09-21", "shares": 1418119936.0, "source": "reported", "ticker": "VWO"}
{"date": "2026-09-21", "shares": 319033108.81361675, "source": "derived", "ticker": "SHY"}
{"date": "2026-09-21", "shares": 460823146.1957956, "source": "derived", "ticker": "IEF"}
{"date": "2026-09-21", "shares": 109700000.0, "source": "reported", "ticker": "TLT"}
{"date": "2026-09-21", "shares": 142598655.83695546, "source": "derived", "ticker": "TIP"}
{"date": "2026-09-21", "shares": 306319204.51943696, "source": "derived", "ticker": "LQD"}
{"date": "2026-09-21", "shares": 206389807.58134967, "source": "derived", "ticker": "HYG"}
{"date": "2026-09-21", "shares": 159902372.55111313, "source": "derived", "ticker": "EMB"}
{"date": "2026-09-21", "shares": 54452083.56039964, "source": "derived", "ticker": "DBC"}
{"date": "2026-09-21", "shares": 27600000.0, "source": "reported", "ticker": "DBA"}
{"date": "2026-09-21", "shares": 10525325.440451022, "source": "derived", "ticker": "UUP"}
{"date": "2026-09-21", "shares": 186424000.0, "source": "reported", "ticker": "XLE"}
{"date": "2026-09-21", "shares": 883444992.0, "source": "reported", "ticker": "XLF"}
{"date": "2026-09-21", "shares": 55136895.76720522, "source": "derived", "ticker": "KRE"}
{"date": "2026-09-21", "shares": 260633084.21808147, "source": "derived", "ticker": "XLV"}
{"date": "2026-09-21", "shares": 72768526.7409216, "source": "derived", "ticker": "XBI"}
{"date": "2026-09-21", "shares": 640164227.8786815, "source": "derived", "ticker": "XLK"}
{"date": "2026-09-21", "shares": 202301504.42403647, "source": "derived", "ticker": "XLC"}
{"date": "2026-09-21", "shares": 118335015.93464144, "source": "derived", "ticker": "SMH"}
{"date": "2026-09-21", "shares": 12500000.0, "source": "reported", "ticker": "IGV"}
{"date": "2026-09-21", "shares": 136626000.0, "source": "reported", "ticker": "XLI"}
{"date": "2026-09-21", "shares": 63725030.229158066, "source": "derived", "ticker": "ITA"}
{"date": "2026-09-21", "shares": 27467299.89701326, "source": "derived", "ticker": "IYT"}
{"date": "2026-09-21", "shares": 204838466.07784358, "source": "derived", "ticker": "XLY"}
{"date": "2026-09-21", "shares": 210172000.0, "source": "reported", "ticker": "XLP"}
{"date": "2026-09-21", "shares": 163274000.0, "source": "reported", "ticker": "XLU"}
{"date": "2026-09-21", "shares": 71923696.0, "source": "reported", "ticker": "XLB"}
{"date": "2026-09-21", "shares": 761945807.9397526, "source": "derived", "ticker": "VNQ"}
{"date": "2026-09-21", "shares": 13818483.956181688, "source": "derived", "ticker": "XHB"}
{"date": "2026-09-21", "shares": 319254643.16922754, "source": "derived", "ticker": "GDX"}
{"date": "2026-09-21", "shares": 234288925.50567585, "source": "derived", "ticker": "EWJ"}
{"date": "2026-09-21", "shares": 2550000.0, "source": "reported", "ticker": "EIS"}
{"date": "2026-09-21", "shares": 79923659.94407757, "source": "derived", "ticker": "EWU"}
{"date": "2026-09-21", "shares": 79500000.0, "source": "reported", "ticker": "EWG"}
{"date": "2026-09-21", "shares": 28625000.0, "source": "reported", "ticker": "EWL"}
{"date": "2026-09-21", "shares": 5550000.0, "source": "reported", "ticker": "EWN"}
{"date": "2026-09-21", "shares": 18833094.309227433, "source": "derived", "ticker": "EWI"}
{"date": "2026-09-21", "shares": 37350000.0, "source": "reported", "ticker": "EWP"}
{"date": "2026-09-21", "shares": 14825117.616099246, "source": "derived", "ticker": "EWD"}
{"date": "2026-09-21", "shares": 113706857.05794011, "source": "derived", "ticker": "EWC"}
{"date": "2026-09-21", "shares": 46167631.566277, "source": "derived", "ticker": "EWA"}
{"date": "2026-09-21", "shares": 119025958.36518429, "source": "derived", "ticker": "MCHI"}
{"date": "2026-09-21", "shares": 139939814.6335312, "source": "derived", "ticker": "INDA"}
{"date": "2026-09-21", "shares": 152337747.02119482, "source": "derived", "ticker": "EWY"}
{"date": "2026-09-21", "shares": 105248247.08916304, "source": "derived", "ticker": "EWT"}
{"date": "2026-09-21", "shares": 200550000.0, "source": "reported", "ticker": "EWZ"}
{"date": "2026-09-21", "shares": 18900000.0, "source": "reported", "ticker": "EWW"}
{"date": "2026-09-21", "shares": 17019575.768867947, "source": "derived", "ticker": "KSA"}
{"date": "2026-09-21", "shares": 15650000.0, "source": "reported", "ticker": "TUR"}
{"date": "2026-09-21", "shares": 7900000.0, "source": "reported", "ticker": "EZA"}
{"date": "2026-09-21", "shares": 19085490.498543266, "source": "derived", "ticker": "EPOL"}
{"date": "2026-09-21", "shares": 8814391.35135135, "source": "derived", "ticker": "ARGT"}
{"date": "2026-09-21", "shares": 260300000.0, "source": "reported", "ticker": "GLD"}
{"date": "2026-09-21", "shares": 572791132.6510339, "source": "derived", "ticker": "SLV"}
{"date": "2026-09-21", "shares": 18706972.77351152, "source": "derived", "ticker": "CPER"}
{"date": "2026-09-21", "shares": 12284456.807630295, "source": "derived", "ticker": "USO"}
{"date": "2026-09-21", "shares": 55409115.42507411, "source": "derived", "ticker": "UNG"}
{"date": "2026-09-21", "shares": 8375503.114664285, "source": "derived", "ticker": "CORN"}
{"date": "2026-09-21", "shares": 14004298.447594253, "source": "derived", "ticker": "WEAT"}
{"date": "2026-09-21", "shares": 1675532.375971568, "source": "derived", "ticker": "SOYB"}
{"date": "2026-09-21", "shares": 5262390.426706737, "source": "derived", "ticker": "CANE"}
{"date": "2026-09-22", "shares": 475095639.99811596, "source": "derived", "ticker": "RSP"}
{"date": "2026-09-22", "shares": 281049984.0, "source": "reported", "ticker": "IWM"}
{"date": "2026-09-22", "shares": 441873468.2352941, "source": "derived", "ticker": "VGK"}
{"date": "2026-09-22", "shares": 1418119936.0, "source": "reported", "ticker": "VWO"}
{"date": "2026-09-22", "shares": 319033108.81361675, "source": "derived", "ticker": "SHY"}
{"date": "2026-09-22", "shares": 460823146.1957956, "source": "derived", "ticker": "IEF"}
{"date": "2026-09-22", "shares": 109700000.0, "source": "reported", "ticker": "TLT"}
{"date": "2026-09-22", "shares": 142598655.83695546, "source": "derived", "ticker": "TIP"}
{"date": "2026-09-22", "shares": 306319204.51943696, "source": "derived", "ticker": "LQD"}
{"date": "2026-09-22", "shares": 206389807.58134967, "source": "derived", "ticker": "HYG"}
{"date": "2026-09-22", "shares": 159902372.55111313, "source": "derived", "ticker": "EMB"}
{"date": "2026-09-22", "shares": 54452083.56039964, "source": "derived", "ticker": "DBC"}
{"date": "2026-09-22", "shares": 27600000.0, "source": "reported", "ticker": "DBA"}
{"date": "2026-09-22", "shares": 10525325.440451022, "source": "derived", "ticker": "UUP"}
{"date": "2026-09-22", "shares": 186424000.0, "source": "reported", "ticker": "XLE"}
{"date": "2026-09-22", "shares": 883444992.0, "source": "reported", "ticker": "XLF"}
{"date": "2026-09-22", "shares": 55136895.76720522, "source": "derived", "ticker": "KRE"}
{"date": "2026-09-22", "shares": 260633084.21808147, "source": "derived", "ticker": "XLV"}
{"date": "2026-09-22", "shares": 72768526.7409216, "source": "derived", "ticker": "XBI"}
{"date": "2026-09-22", "shares": 640164227.8786815, "source": "derived", "ticker": "XLK"}
{"date": "2026-09-22", "shares": 202301504.42403647, "source": "derived", "ticker": "XLC"}
{"date": "2026-09-22", "shares": 118335015.93464144, "source": "derived", "ticker": "SMH"}
{"date": "2026-09-22", "shares": 12500000.0, "source": "reported", "ticker": "IGV"}
{"date": "2026-09-22", "shares": 136626000.0, "source": "reported", "ticker": "XLI"}
{"date": "2026-09-22", "shares": 63725030.229158066, "source": "derived", "ticker": "ITA"}
{"date": "2026-09-22", "shares": 27467299.89701326, "source": "derived", "ticker": "IYT"}
{"date": "2026-09-22", "shares": 204838466.07784358, "source": "derived", "ticker": "XLY"}
{"date": "2026-09-22", "shares": 210172000.0, "source": "reported", "ticker": "XLP"}
{"date": "2026-09-22", "shares": 163274000.0, "source": "reported", "ticker": "XLU"}
{"date": "2026-09-22", "shares": 71923696.0, "source": "reported", "ticker": "XLB"}
{"date": "2026-09-22", "shares": 761945807.9397526, "source": "derived", "ticker": "VNQ"}
{"date": "2026-09-22", "shares": 13818483.956181688, "source": "derived", "ticker": "XHB"}
{"date": "2026-09-22", "shares": 319254643.16922754, "source": "derived", "ticker": "GDX"}
{"date": "2026-09-22", "shares": 234288925.50567585, "source": "derived", "ticker": "EWJ"}
{"date": "2026-09-22", "shares": 2550000.0, "source": "reported", "ticker": "EIS"}
{"date": "2026-09-22", "shares": 79923659.94407757, "source": "derived", "ticker": "EWU"}
{"date": "2026-09-22", "shares": 79500000.0, "source": "reported", "ticker": "EWG"}
{"date": "2026-09-22", "shares": 28625000.0, "source": "reported", "ticker": "EWL"}
{"date": "2026-09-22", "shares": 5550000.0, "source": "reported", "ticker": "EWN"}
{"date": "2026-09-22", "shares": 18833094.309227433, "source": "derived", "ticker": "EWI"}
{"date": "2026-09-22", "shares": 37350000.0, "source": "reported", "ticker": "EWP"}
{"date": "2026-09-22", "shares": 14825117.616099246, "source": "derived", "ticker": "EWD"}
{"date": "2026-09-22", "shares": 113706857.05794011, "source": "derived", "ticker": "EWC"}
{"date": "2026-09-22", "shares": 46167631.566277, "source": "derived", "ticker": "EWA"}
{"date": "2026-09-22", "shares": 119025958.36518429, "source": "derived", "ticker": "MCHI"}
{"date": "2026-09-22", "shares": 139939814.6335312, "source": "derived", "ticker": "INDA"}
{"date": "2026-09-22", "shares": 152337747.02119482, "source": "derived", "ticker": "EWY"}
{"date": "2026-09-22", "shares": 105248247.08916304, "source": "derived", "ticker": "EWT"}
{"date": "2026-09-22", "shares": 200550000.0, "source": "reported", "ticker": "EWZ"}
{"date": "2026-09-22", "shares": 18900000.0, "source": "reported", "ticker": "EWW"}
{"date": "2026-09-22", "shares": 17019575.768867947, "source": "derived", "ticker": "KSA"}
{"date": "2026-09-22", "shares": 15650000.0, "source": "reported", "ticker": "TUR"}
{"date": "2026-09-22", "shares": 7900000.0, "source": "reported", "ticker": "EZA"}
{"date": "2026-09-22", "shares": 19085490.498543266, "source": "derived", "ticker": "EPOL"}
{"date": "2026-09-22", "shares": 8814391.35135135, "source": "derived", "ticker": "ARGT"}
{"date": "2026-09-22", "shares": 260300000.0, "source": "reported", "ticker": "GLD"}
{"date": "2026-09-22", "shares": 572791132.6510339, "source": "derived", "ticker": "SLV"}
{"date": "2026-09-22", "shares": 18706972.77351152, "source": "derived", "ticker": "CPER"}
{"date": "2026-09-22", "shares": 12284456.807630295, "source": "derived", "ticker": "USO"}
{"date": "2026-09-22", "shares": 55409115.42507411, "source": "derived", "ticker": "UNG"}
{"date": "2026-09-22", "shares": 8375503.114664285, "source": "derived", "ticker": "CORN"}
{"date": "2026-09-22", "shares": 14004298.447594253, "source": "derived", "ticker": "WEAT"}
{"date": "2026-09-22", "shares": 1675532.375971568, "source": "derived", "ticker": "SOYB"}
{"date": "2026-09-22", "shares": 5262390.426706737, "source": "derived", "ticker": "CANE"}
{"date": "2026-09-23", "shares": 474246816.1549673, "source": "derived", "ticker": "RSP"}
{"date": "2026-09-23", "shares": 281049984.0, "source": "reported", "ticker": "IWM"}
{"date": "2026-09-23", "shares": 438205234.37289655, "source": "derived", "ticker": "VGK"}
{"date": "2026-09-23", "shares": 1418119936.0, "source": "reported", "ticker": "VWO"}
{"date": "2026-09-23", "shares": 318834602.02435404, "source": "derived", "ticker": "SHY"}
{"date": "2026-09-23", "shares": 458942411.45036983, "source": "derived", "ticker": "IEF"}
{"date": "2026-09-23", "shares": 109700000.0, "source": "reported", "ticker": "TLT"}
{"date": "2026-09-23", "shares": 142109943.40912205, "source": "derived", "ticker": "TIP"}
{"date": "2026-09-23", "shares": 305065619.45546186, "source": "derived", "ticker": "LQD"}
{"date": "2026-09-23", "shares": 205888746.04868385, "source": "derived", "ticker": "HYG"}
{"date": "2026-09-23", "shares": 159517025.8256311, "source": "derived", "ticker": "EMB"}
{"date": "2026-09-23", "shares": 55136490.49662784, "source": "derived", "ticker": "DBC"}
{"date": "2026-09-23", "shares": 27600000.0, "source": "reported", "ticker": "DBA"}
{"date": "2026-09-23", "shares": 10499428.330404218, "source": "derived", "ticker": "UUP"}
{"date": "2026-09-23", "shares": 186424000.0, "source": "reported", "ticker": "XLE"}
{"date": "2026-09-23", "shares": 883444992.0, "source": "reported", "ticker": "XLF"}
{"date": "2026-09-23", "shares": 55725397.65173426, "source": "derived", "ticker": "KRE"}
{"date": "2026-09-23", "shares": 259877301.0410768, "source": "derived", "ticker": "XLV"}
{"date": "2026-09-23", "shares": 72081466.19079967, "source": "derived", "ticker": "XBI"}
{"date": "2026-09-23", "shares": 623247285.0284061, "source": "derived", "ticker": "XLK"}
{"date": "2026-09-23", "shares": 195504557.5386807, "source": "derived", "ticker": "XLC"}
{"date": "2026-09-23", "shares": 113711825.48772919, "source": "derived", "ticker": "SMH"}
{"date": "2026-09-23", "shares": 12500000.0, "source": "reported", "ticker": "IGV"}
{"date": "2026-09-23", "shares": 136626000.0, "source": "reported", "ticker": "XLI"}
{"date": "2026-09-23", "shares": 63044047.41903467, "source": "derived", "ticker": "ITA"}
{"date": "2026-09-23", "shares": 27611047.35202149, "source": "derived", "ticker": "IYT"}
{"date": "2026-09-23", "shares": 202765808.6112265, "source": "derived", "ticker": "XLY"}
{"date": "2026-09-23", "shares": 210172000.0, "source": "reported", "ticker": "XLP"}
{"date": "2026-09-23", "shares": 163274000.0, "source": "reported", "ticker": "XLU"}
{"date": "2026-09-23", "shares": 71923696.0, "source": "reported", "ticker": "XLB"}
{"date": "2026-09-23", "shares": 754880226.4762311, "source": "derived", "ticker": "VNQ"}
{"date": "2026-09-23", "shares": 13736774.351389935, "source": "derived", "ticker": "XHB"}
{"date": "2026-09-23", "shares": 323138930.51206094, "source": "derived", "ticker": "GDX"}
{"date": "2026-09-23", "shares": 230730329.9377005, "source": "derived", "ticker": "EWJ"}
{"date": "2026-09-23", "shares": 2550000.0, "source": "reported", "ticker": "EIS"}
{"date": "2026-09-23", "shares": 79505913.81737503, "source": "derived", "ticker": "EWU"}
{"date": "2026-09-23", "shares": 79500000.0, "source": "reported", "ticker": "EWG"}
{"date": "2026-09-23", "shares": 28625000.0, "source": "reported", "ticker": "EWL"}
{"date": "2026-09-23", "shares": 5550000.0, "source": "reported", "ticker": "EWN"}
{"date": "2026-09-23", "shares": 18510649.624371976, "source": "derived", "ticker": "EWI"}
{"date": "2026-09-23", "shares": 37350000.0, "source": "reported", "ticker": "EWP"}
{"date": "2026-09-23", "shares": 14633123.01751883, "source": "derived", "ticker": "EWD"}
{"date": "2026-09-23", "shares": 113292189.3438068, "source": "derived", "ticker": "EWC"}
{"date": "2026-09-23", "shares": 45887139.840267934, "source": "derived", "ticker": "EWA"}
{"date": "2026-09-23", "shares": 116799607.71223566, "source": "derived", "ticker": "MCHI"}
{"date": "2026-09-23", "shares": 139109528.56714612, "source": "derived", "ticker": "INDA"}
{"date": "2026-09-23", "shares": 146084861.4101033, "source": "derived", "ticker": "EWY"}
{"date": "2026-09-23", "shares": 101875582.12613165, "source": "derived", "ticker": "EWT"}
{"date": "2026-09-23", "shares": 200550000.0, "source": "reported", "ticker": "EWZ"}
{"date": "2026-09-23", "shares": 18900000.0, "source": "reported", "ticker": "EWW"}
{"date": "2026-09-23", "shares": 17165821.608361058, "source": "derived", "ticker": "KSA"}
{"date": "2026-09-23", "shares": 15650000.0, "source": "reported", "ticker": "TUR"}
{"date": "2026-09-23", "shares": 7900000.0, "source": "reported", "ticker": "EZA"}
{"date": "2026-09-23", "shares": 18586414.34290883, "source": "derived", "ticker": "EPOL"}
{"date": "2026-09-23", "shares": 8816297.57785467, "source": "derived", "ticker": "ARGT"}
{"date": "2026-09-23", "shares": 260300000.0, "source": "reported", "ticker": "GLD"}
{"date": "2026-09-23", "shares": 582903917.7568371, "source": "derived", "ticker": "SLV"}
{"date": "2026-09-23", "shares": 18506715.603571605, "source": "derived", "ticker": "CPER"}
{"date": "2026-09-23", "shares": 12775070.74461638, "source": "derived", "ticker": "USO"}
{"date": "2026-09-23", "shares": 56319315.707620524, "source": "derived", "ticker": "UNG"}
{"date": "2026-09-23", "shares": 8168768.6089025885, "source": "derived", "ticker": "CORN"}
{"date": "2026-09-23", "shares": 13799494.837015389, "source": "derived", "ticker": "WEAT"}
{"date": "2026-09-23", "shares": 1649163.3457637604, "source": "derived", "ticker": "SOYB"}
{"date": "2026-09-23", "shares": 5214060.521264955, "source": "derived", "ticker": "CANE"}
{"date": "2026-09-24", "shares": 474113068.5217391, "source": "derived", "ticker": "RSP"}
{"date": "2026-09-24", "shares": 281049984.0, "source": "reported", "ticker": "IWM"}
{"date": "2026-09-24", "shares": 437665149.49019605, "source": "derived", "ticker": "VGK"}
{"date": "2026-09-24", "shares": 1418119936.0, "source": "reported", "ticker": "VWO"}
{"date": "2026-09-24", "shares": 318759299.2897835, "source": "derived", "ticker": "SHY"}
{"date": "2026-09-24", "shares": 458940598.47864205, "source": "derived", "ticker": "IEF"}
{"date": "2026-09-24", "shares": 109700000.0, "source": "reported", "ticker": "TLT"}
{"date": "2026-09-24", "shares": 142211071.67246875, "source": "derived", "ticker": "TIP"}
{"date": "2026-09-24", "shares": 305108378.16560256, "source": "derived", "ticker": "LQD"}
{"date": "2026-09-24", "shares": 206012275.51757964, "source": "derived", "ticker": "HYG"}
{"date": "2026-09-24", "shares": 159300605.96364945, "source": "derived", "ticker": "EMB"}
{"date": "2026-09-24", "shares": 55340071.384615384, "source": "derived", "ticker": "DBC"}
{"date": "2026-09-24", "shares": 27600000.0, "source": "reported", "ticker": "DBA"}
{"date": "2026-09-24", "shares": 10481008.280701755, "source": "derived", "ticker": "UUP"}
{"date": "2026-09-24", "shares": 186424000.0, "source": "reported", "ticker": "XLE"}
{"date": "2026-09-24", "shares": 883444992.0, "source": "reported", "ticker": "XLF"}
{"date": "2026-09-24", "shares": 56339779.28040681, "source": "derived", "ticker": "KRE"}
{"date": "2026-09-24", "shares": 258494211.41422108, "source": "derived", "ticker": "XLV"}
{"date": "2026-09-24", "shares": 70468668.75141384, "source": "derived", "ticker": "XBI"}
{"date": "2026-09-24", "shares": 618748085.1085945, "source": "derived", "ticker": "XLK"}
{"date": "2026-09-24", "shares": 197589752.47564438, "source": "derived", "ticker": "XLC"}
{"date": "2026-09-24", "shares": 111561552.49662618, "source": "derived", "ticker": "SMH"}
{"date": "2026-09-24", "shares": 12500000.0, "source": "reported", "ticker": "IGV"}
{"date": "2026-09-24", "shares": 136626000.0, "source": "reported", "ticker": "XLI"}
{"date": "2026-09-24", "shares": 63679932.1477062, "source": "derived", "ticker": "ITA"}
{"date": "2026-09-24", "shares": 27499849.572207708, "source": "derived", "ticker": "IYT"}
{"date": "2026-09-24", "shares": 202538858.92328042, "source": "derived", "ticker": "XLY"}
{"date": "2026-09-24", "shares": 210172000.0, "source": "reported", "ticker": "XLP"}
{"date": "2026-09-24", "shares": 163274000.0, "source": "reported", "ticker": "XLU"}
{"date": "2026-09-24", "shares": 71923696.0, "source": "reported", "ticker": "XLB"}
{"date": "2026-09-24", "shares": 756412077.8382998, "source": "derived", "ticker": "VNQ"}
{"date": "2026-09-24", "shares": 13400161.145306865, "source": "derived", "ticker": "XHB"}
{"date": "2026-09-24", "shares": 313326751.25153875, "source": "derived", "ticker": "GDX"}
{"date": "2026-09-24", "shares": 229753980.91124806, "source": "derived", "ticker": "EWJ"}
{"date": "2026-09-24", "shares": 2550000.0, "source": "reported", "ticker": "EIS"}
{"date": "2026-09-24", "shares": 79874742.30140536, "source": "derived", "ticker": "EWU"}
{"date": "2026-09-24", "shares": 79500000.0, "source": "reported", "ticker": "EWG"}
{"date": "2026-09-24", "shares": 28625000.0, "source": "reported", "ticker": "EWL"}
{"date": "2026-09-24", "shares": 5550000.0, "source": "reported", "ticker": "EWN"}
{"date": "2026-09-24", "shares": 18694462.848873485, "source": "derived", "ticker": "EWI"}
{"date": "2026-09-24", "shares": 37350000.0, "source": "reported", "ticker": "EWP"}
{"date": "2026-09-24", "shares": 14515832.508218337, "source": "derived", "ticker": "EWD"}
{"date": "2026-09-24", "shares": 112698468.31454697, "source": "derived", "ticker": "EWC"}
{"date": "2026-09-24", "shares": 45818915.00646799, "source": "derived", "ticker": "EWA"}
{"date": "2026-09-24", "shares": 116374196.8333949, "source": "derived", "ticker": "MCHI"}
{"date": "2026-09-24", "shares": 140004857.75657433, "source": "derived", "ticker": "INDA"}
{"date": "2026-09-24", "shares": 144979309.94160673, "source": "derived", "ticker": "EWY"}
{"date": "2026-09-24", "shares": 101728659.6819359, "source": "derived", "ticker": "EWT"}
{"date": "2026-09-24", "shares": 200550000.0, "source": "reported", "ticker": "EWZ"}
{"date": "2026-09-24", "shares": 18900000.0, "source": "reported", "ticker": "EWW"}
{"date": "2026-09-24", "shares": 17109918.971600134, "source": "derived", "ticker": "KSA"}
{"date": "2026-09-24", "shares": 15650000.0, "source": "reported", "ticker": "TUR"}
{"date": "2026-09-24", "shares": 7900000.0, "source": "reported", "ticker": "EZA"}
{"date": "2026-09-24", "shares": 18655093.499770183, "source": "derived", "ticker": "EPOL"}
{"date": "2026-09-24", "shares": 8789685.209141871, "source": "derived", "ticker": "ARGT"}
{"date": "2026-09-24", "shares": 260300000.0, "source": "reported", "ticker": "GLD"}
{"date": "2026-09-24", "shares": 585044074.8160897, "source": "derived", "ticker": "SLV"}
{"date": "2026-09-24", "shares": 18308019.715972867, "source": "derived", "ticker": "CPER"}
{"date": "2026-09-24", "shares": 13035059.198592864, "source": "derived", "ticker": "USO"}
{"date": "2026-09-24", "shares": 54074952.86980868, "source": "derived", "ticker": "UNG"}
{"date": "2026-09-24", "shares": 8249458.789671437, "source": "derived", "ticker": "CORN"}
{"date": "2026-09-24", "shares": 13944974.152962232, "source": "derived", "ticker": "WEAT"}
{"date": "2026-09-24", "shares": 1651376.5386833358, "source": "derived", "ticker": "SOYB"}
{"date": "2026-09-24", "shares": 5178760.711931444, "source": "derived", "ticker": "CANE"}
{"date": "2026-09-25", "shares": 155552992.0, "source": "reported", "ticker": "RSP"}
{"date": "2026-09-25", "shares": 281049984.0, "source": "reported", "ticker": "IWM"}
{"date": "2026-09-25", "shares": 282092992.0, "source": "reported", "ticker": "VGK"}
{"date": "2026-09-25", "shares": 1418119936.0, "source": "reported", "ticker": "VWO"}
{"date": "2026-09-25", "shares": 209300000.0, "source": "reported", "ticker": "SHY"}
{"date": "2026-09-25", "shares": 146000000.0, "source": "reported", "ticker": "IEF"}
{"date": "2026-09-25", "shares": 109700000.0, "source": "reported", "ticker": "TLT"}
{"date": "2026-09-25", "shares": 177700000.0, "source": "reported", "ticker": "TIP"}
{"date": "2026-09-25", "shares": 293500000.0, "source": "reported", "ticker": "LQD"}
{"date": "2026-09-25", "shares": 195600000.0, "source": "reported", "ticker": "HYG"}
{"date": "2026-09-25", "shares": 160407262.50386864, "source": "derived", "ticker": "EMB"}
{"date": "2026-09-25", "shares": 111400000.0, "source": "reported", "ticker": "DBC"}
{"date": "2026-09-25", "shares": 27600000.0, "source": "reported", "ticker": "DBA"}
{"date": "2026-09-25", "shares": 10429774.301675977, "source": "derived", "ticker": "UUP"}
{"date": "2026-09-25", "shares": 186424000.0, "source": "reported", "ticker": "XLE"}
{"date": "2026-09-25", "shares": 883444992.0, "source": "reported", "ticker": "XLF"}
{"date": "2026-09-25", "shares": 56996468.437435836, "source": "derived", "ticker": "KRE"}
{"date": "2026-09-25", "shares": 197415008.0, "source": "reported", "ticker": "XLV"}
{"date": "2026-09-25", "shares": 73233796.11147182, "source": "derived", "ticker": "XBI"}
{"date": "2026-09-25", "shares": 272056000.0, "source": "reported", "ticker": "XLK"}
{"date": "2026-09-25", "shares": 199337076.42094752, "source": "derived", "ticker": "XLC"}
{"date": "2026-09-25", "shares": 11670900.0, "source": "reported", "ticker": "SMH"}
{"date": "2026-09-25", "shares": 12500000.0, "source": "reported", "ticker": "IGV"}
{"date": "2026-09-25", "shares": 136626000.0, "source": "reported", "ticker": "XLI"}
{"date": "2026-09-25", "shares": 63722396.31336405, "source": "derived", "ticker": "ITA"}
{"date": "2026-09-25", "shares": 2800000.0, "source": "reported", "ticker": "IYT"}
{"date": "2026-09-25", "shares": 120253000.0, "source": "reported", "ticker": "XLY"}
{"date": "2026-09-25", "shares": 210172000.0, "source": "reported", "ticker": "XLP"}
{"date": "2026-09-25", "shares": 163274000.0, "source": "reported", "ticker": "XLU"}
{"date": "2026-09-25", "shares": 71923696.0, "source": "reported", "ticker": "XLB"}
{"date": "2026-09-25", "shares": 370180992.0, "source": "reported", "ticker": "VNQ"}
{"date": "2026-09-25", "shares": 13716917.641397811, "source": "derived", "ticker": "XHB"}
{"date": "2026-09-25", "shares": 325827733.21954346, "source": "derived", "ticker": "GDX"}
{"date": "2026-09-25", "shares": 227850000.0, "source": "reported", "ticker": "EWJ"}
{"date": "2026-09-25", "shares": 2550000.0, "source": "reported", "ticker": "EIS"}
{"date": "2026-09-25", "shares": 67800000.0, "source": "reported", "ticker": "EWU"}
{"date": "2026-09-25", "shares": 79500000.0, "source": "reported", "ticker": "EWG"}
{"date": "2026-09-25", "shares": 28625000.0, "source": "reported", "ticker": "EWL"}
{"date": "2026-09-25", "shares": 5550000.0, "source": "reported", "ticker": "EWN"}
{"date": "2026-09-25", "shares": 8550000.0, "source": "reported", "ticker": "EWI"}
{"date": "2026-09-25", "shares": 37350000.0, "source": "reported", "ticker": "EWP"}
{"date": "2026-09-25", "shares": 7650000.0, "source": "reported", "ticker": "EWD"}
{"date": "2026-09-25", "shares": 94800000.0, "source": "reported", "ticker": "EWC"}
{"date": "2026-09-25", "shares": 63600000.0, "source": "reported", "ticker": "EWA"}
{"date": "2026-09-25", "shares": 118646031.69572286, "source": "derived", "ticker": "MCHI"}
{"date": "2026-09-25", "shares": 139617727.95247054, "source": "derived", "ticker": "INDA"}
{"date": "2026-09-25", "shares": 75600000.0, "source": "reported", "ticker": "EWY"}
{"date": "2026-09-25", "shares": 85000000.0, "source": "reported", "ticker": "EWT"}
{"date": "2026-09-25", "shares": 200550000.0, "source": "reported", "ticker": "EWZ"}
{"date": "2026-09-25", "shares": 18900000.0, "source": "reported", "ticker": "EWW"}
{"date": "2026-09-25", "shares": 17117973.888625856, "source": "derived", "ticker": "KSA"}
{"date": "2026-09-25", "shares": 15650000.0, "source": "reported", "ticker": "TUR"}
{"date": "2026-09-25", "shares": 7900000.0, "source": "reported", "ticker": "EZA"}
{"date": "2026-09-25", "shares": 19030982.0452435, "source": "derived", "ticker": "EPOL"}
{"date": "2026-09-25", "shares": 8931221.382407712, "source": "derived", "ticker": "ARGT"}
{"date": "2026-09-25", "shares": 260300000.0, "source": "reported", "ticker": "GLD"}
{"date": "2026-09-25", "shares": 341449984.0, "source": "reported", "ticker": "SLV"}
{"date": "2026-09-25", "shares": 18527280.14420821, "source": "derived", "ticker": "CPER"}
{"date": "2026-09-25", "shares": 119100000.0, "source": "reported", "ticker": "USO"}
{"date": "2026-09-25", "shares": 12084600.0, "source": "reported", "ticker": "UNG"}
{"date": "2026-09-25", "shares": 8338028.260057166, "source": "derived", "ticker": "CORN"}
{"date": "2026-09-25", "shares": 14100066.326490987, "source": "derived", "ticker": "WEAT"}
{"date": "2026-09-25", "shares": 1657187.152823671, "source": "derived", "ticker": "SOYB"}
{"date": "2026-09-25", "shares": 5123264.536369565, "source": "derived", "ticker": "CANE"}
{"date": "2026-09-28", "shares": 155552992.0, "source": "reported", "ticker": "RSP"}
{"date": "2026-09-28", "shares": 281049984.0, "source": "reported", "ticker": "IWM"}
{"date": "2026-09-28", "shares": 282092992.0, "source": "reported", "ticker": "VGK"}
{"date": "2026-09-28", "shares": 1418119936.0, "source": "reported", "ticker": "VWO"}
{"date": "2026-09-28", "shares": 209300000.0, "source": "reported", "ticker": "SHY"}
{"date": "2026-09-28", "shares": 146000000.0, "source": "reported", "ticker": "IEF"}
{"date": "2026-09-28", "shares": 109700000.0, "source": "reported", "ticker": "TLT"}
{"date": "2026-09-28", "shares": 177700000.0, "source": "reported", "ticker": "TIP"}
{"date": "2026-09-28", "shares": 293500000.0, "source": "reported", "ticker": "LQD"}
{"date": "2026-09-28", "shares": 195600000.0, "source": "reported", "ticker": "HYG"}
{"date": "2026-09-28", "shares": 162145214.8048658, "source": "derived", "ticker": "EMB"}
{"date": "2026-09-28", "shares": 111400000.0, "source": "reported", "ticker": "DBC"}
{"date": "2026-09-28", "shares": 27600000.0, "source": "reported", "ticker": "DBA"}
{"date": "2026-09-28", "shares": 10437062.753319357, "source": "derived", "ticker": "UUP"}
{"date": "2026-09-28", "shares": 186424000.0, "source": "reported", "ticker": "XLE"}
{"date": "2026-09-28", "shares": 883444992.0, "source": "reported", "ticker": "XLF"}
{"date": "2026-09-28", "shares": 56109848.85673432, "source": "derived", "ticker": "KRE"}
{"date": "2026-09-28", "shares": 197415008.0, "source": "reported", "ticker": "XLV"}
{"date": "2026-09-28", "shares": 73610075.11152615, "source": "derived", "ticker": "XBI"}
{"date": "2026-09-28", "shares": 272056000.0, "source": "reported", "ticker": "XLK"}
{"date": "2026-09-28", "shares": 198619004.7398107, "source": "derived", "ticker": "XLC"}
{"date": "2026-09-28", "shares": 11670900.0, "source": "reported", "ticker": "SMH"}
{"date": "2026-09-28", "shares": 12500000.0, "source": "reported", "ticker": "IGV"}
{"date": "2026-09-28", "shares": 136626000.0, "source": "reported", "ticker": "XLI"}
{"date": "2026-09-28", "shares": 63751760.10069199, "source": "derived", "ticker": "ITA"}
{"date": "2026-09-28", "shares": 2800000.0, "source": "reported", "ticker": "IYT"}
{"date": "2026-09-28", "shares": 120253000.0, "source": "reported", "ticker": "XLY"}
{"date": "2026-09-28", "shares": 210172000.0, "source": "reported", "ticker": "XLP"}
{"date": "2026-09-28", "shares": 163274000.0, "source": "reported", "ticker": "XLU"}
{"date": "2026-09-28", "shares": 71923696.0, "source": "reported", "ticker": "XLB"}
{"date": "2026-09-28", "shares": 370180992.0, "source": "reported", "ticker": "VNQ"}
{"date": "2026-09-28", "shares": 13540030.501656791, "source": "derived", "ticker": "XHB"}
{"date": "2026-09-28", "shares": 328986338.99181384, "source": "derived", "ticker": "GDX"}
{"date": "2026-09-28", "shares": 227850000.0, "source": "reported", "ticker": "EWJ"}
{"date": "2026-09-28", "shares": 2550000.0, "source": "reported", "ticker": "EIS"}
{"date": "2026-09-28", "shares": 67800000.0, "source": "reported", "ticker": "EWU"}
{"date": "2026-09-28", "shares": 79500000.0, "source": "reported", "ticker": "EWG"}
{"date": "2026-09-28", "shares": 28625000.0, "source": "reported", "ticker": "EWL"}
{"date": "2026-09-28", "shares": 5550000.0, "source": "reported", "ticker": "EWN"}
{"date": "2026-09-28", "shares": 8550000.0, "source": "reported", "ticker": "EWI"}
{"date": "2026-09-28", "shares": 37350000.0, "source": "reported", "ticker": "EWP"}
{"date": "2026-09-28", "shares": 7650000.0, "source": "reported", "ticker": "EWD"}
{"date": "2026-09-28", "shares": 94800000.0, "source": "reported", "ticker": "EWC"}
{"date": "2026-09-28", "shares": 63600000.0, "source": "reported", "ticker": "EWA"}
{"date": "2026-09-28", "shares": 119849961.95943753, "source": "derived", "ticker": "MCHI"}
{"date": "2026-09-28", "shares": 140785652.5955762, "source": "derived", "ticker": "INDA"}
{"date": "2026-09-28", "shares": 75600000.0, "source": "reported", "ticker": "EWY"}
{"date": "2026-09-28", "shares": 85000000.0, "source": "reported", "ticker": "EWT"}
{"date": "2026-09-28", "shares": 200550000.0, "source": "reported", "ticker": "EWZ"}
{"date": "2026-09-28", "shares": 18900000.0, "source": "reported", "ticker": "EWW"}
{"date": "2026-09-28", "shares": 17254351.851351425, "source": "derived", "ticker": "KSA"}
{"date": "2026-09-28", "shares": 15650000.0, "source": "reported", "ticker": "TUR"}
{"date": "2026-09-28", "shares": 7900000.0, "source": "reported", "ticker": "EZA"}
{"date": "2026-09-28", "shares": 18974029.21014853, "source": "derived", "ticker": "EPOL"}
{"date": "2026-09-28", "shares": 9192009.019165726, "source": "derived", "ticker": "ARGT"}
{"date": "2026-09-28", "shares": 260300000.0, "source": "reported", "ticker": "GLD"}
{"date": "2026-09-28", "shares": 341449984.0, "source": "reported", "ticker": "SLV"}
{"date": "2026-09-28", "shares": 18488018.7270532, "source": "derived", "ticker": "CPER"}
{"date": "2026-09-28", "shares": 119100000.0, "source": "reported", "ticker": "USO"}
{"date": "2026-09-28", "shares": 12084600.0, "source": "reported", "ticker": "UNG"}
{"date": "2026-09-28", "shares": 8356089.275773065, "source": "derived", "ticker": "CORN"}
{"date": "2026-09-28", "shares": 14229032.369307939, "source": "derived", "ticker": "WEAT"}
{"date": "2026-09-28", "shares": 1660705.080474254, "source": "derived", "ticker": "SOYB"}
{"date": "2026-09-28", "shares": 5184163.8651340725, "source": "derived", "ticker": "CANE"}
{"date": "2026-09-29", "shares": 155552992.0, "source": "reported", "ticker": "RSP"}
{"date": "2026-09-29", "shares": 281049984.0, "source": "reported", "ticker": "IWM"}
{"date": "2026-09-29", "shares": 282092992.0, "source": "reported", "ticker": "VGK"}
{"date": "2026-09-29", "shares": 1418119936.0, "source": "reported", "ticker": "VWO"}
{"date": "2026-09-29", "shares": 209300000.0, "source": "reported", "ticker": "SHY"}
{"date": "2026-09-29", "shares": 146000000.0, "source": "reported", "ticker": "IEF"}
{"date": "2026-09-29", "shares": 109700000.0, "source": "reported", "ticker": "TLT"}
{"date": "2026-09-29", "shares": 177700000.0, "source": "reported", "ticker": "TIP"}
{"date": "2026-09-29", "shares": 293500000.0, "source": "reported", "ticker": "LQD"}
{"date": "2026-09-29", "shares": 195600000.0, "source": "reported", "ticker": "HYG"}
{"date": "2026-09-29", "shares": 162145214.8048658, "source": "derived", "ticker": "EMB"}
{"date": "2026-09-29", "shares": 111400000.0, "source": "reported", "ticker": "DBC"}
{"date": "2026-09-29", "shares": 27600000.0, "source": "reported", "ticker": "DBA"}
{"date": "2026-09-29", "shares": 10437062.753319357, "source": "derived", "ticker": "UUP"}
{"date": "2026-09-29", "shares": 186424000.0, "source": "reported", "ticker": "XLE"}
{"date": "2026-09-29", "shares": 883444992.0, "source": "reported", "ticker": "XLF"}
{"date": "2026-09-29", "shares": 56109848.85673432, "source": "derived", "ticker": "KRE"}
{"date": "2026-09-29", "shares": 197415008.0, "source": "reported", "ticker": "XLV"}
{"date": "2026-09-29", "shares": 73610075.11152615, "source": "derived", "ticker": "XBI"}
{"date": "2026-09-29", "shares": 272056000.0, "source": "reported", "ticker": "XLK"}
{"date": "2026-09-29", "shares": 198619004.7398107, "source": "derived", "ticker": "XLC"}
{"date": "2026-09-29", "shares": 11670900.0, "source": "reported", "ticker": "SMH"}
{"date": "2026-09-29", "shares": 12500000.0, "source": "reported", "ticker": "IGV"}
{"date": "2026-09-29", "shares": 136626000.0, "source": "reported", "ticker": "XLI"}
{"date": "2026-09-29", "shares": 63751760.10069199, "source": "derived", "ticker": "ITA"}
{"date": "2026-09-29", "shares": 2800000.0, "source": "reported", "ticker": "IYT"}
{"date": "2026-09-29", "shares": 120253000.0, "source": "reported", "ticker": "XLY"}
{"date": "2026-09-29", "shares": 210172000.0, "source": "reported", "ticker": "XLP"}
{"date": "2026-09-29", "shares": 163274000.0, "source": "reported", "ticker": "XLU"}
{"date": "2026-09-29", "shares": 71923696.0, "source": "reported", "ticker": "XLB"}
{"date": "2026-09-29", "shares": 370180992.0, "source": "reported", "ticker": "VNQ"}
{"date": "2026-09-29", "shares": 13540030.501656791, "source": "derived", "ticker": "XHB"}
{"date": "2026-09-29", "shares": 328986338.99181384, "source": "derived", "ticker": "GDX"}
{"date": "2026-09-29", "shares": 227850000.0, "source": "reported", "ticker": "EWJ"}
{"date": "2026-09-29", "shares": 2550000.0, "source": "reported", "ticker": "EIS"}
{"date": "2026-09-29", "shares": 67800000.0, "source": "reported", "ticker": "EWU"}
{"date": "2026-09-29", "shares": 79500000.0, "source": "reported", "ticker": "EWG"}
{"date": "2026-09-29", "shares": 28625000.0, "source": "reported", "ticker": "EWL"}
{"date": "2026-09-29", "shares": 5550000.0, "source": "reported", "ticker": "EWN"}
{"date": "2026-09-29", "shares": 8550000.0, "source": "reported", "ticker": "EWI"}
{"date": "2026-09-29", "shares": 37350000.0, "source": "reported", "ticker": "EWP"}
{"date": "2026-09-29", "shares": 7650000.0, "source": "reported", "ticker": "EWD"}
{"date": "2026-09-29", "shares": 94800000.0, "source": "reported", "ticker": "EWC"}
{"date": "2026-09-29", "shares": 63600000.0, "source": "reported", "ticker": "EWA"}
{"date": "2026-09-29", "shares": 119849961.95943753, "source": "derived", "ticker": "MCHI"}
{"date": "2026-09-29", "shares": 140785652.5955762, "source": "derived", "ticker": "INDA"}
{"date": "2026-09-29", "shares": 75600000.0, "source": "reported", "ticker": "EWY"}
{"date": "2026-09-29", "shares": 85000000.0, "source": "reported", "ticker": "EWT"}
{"date": "2026-09-29", "shares": 200550000.0, "source": "reported", "ticker": "EWZ"}
{"date": "2026-09-29", "shares": 18900000.0, "source": "reported", "ticker": "EWW"}
{"date": "2026-09-29", "shares": 17254351.851351425, "source": "derived", "ticker": "KSA"}
{"date": "2026-09-29", "shares": 15650000.0, "source": "reported", "ticker": "TUR"}
{"date": "2026-09-29", "shares": 7900000.0, "source": "reported", "ticker": "EZA"}
{"date": "2026-09-29", "shares": 18974029.21014853, "source": "derived", "ticker": "EPOL"}
{"date": "2026-09-29", "shares": 9192009.019165726, "source": "derived", "ticker": "ARGT"}
{"date": "2026-09-29", "shares": 260300000.0, "source": "reported", "ticker": "GLD"}
{"date": "2026-09-29", "shares": 341449984.0, "source": "reported", "ticker": "SLV"}
{"date": "2026-09-29", "shares": 18488018.7270532, "source": "derived", "ticker": "CPER"}
{"date": "2026-09-29", "shares": 119100000.0, "source": "reported", "ticker": "USO"}
{"date": "2026-09-29", "shares": 12084600.0, "source": "reported", "ticker": "UNG"}
{"date": "2026-09-29", "shares": 8356089.275773065, "source": "derived", "ticker": "CORN"}
{"date": "2026-09-29", "shares": 14229032.369307939, "source": "derived", "ticker": "WEAT"}
{"date": "2026-09-29", "shares": 1660705.080474254, "source": "derived", "ticker": "SOYB"}
{"date": "2026-09-29", "shares": 5184163.8651340725, "source": "derived", "ticker": "CANE"}
{"date": "2026-09-30", "shares": 480962976.0061034, "source": "derived", "ticker": "RSP"}
{"date": "2026-09-30", "shares": 281049984.0, "source": "reported", "ticker": "IWM"}
{"date": "2026-09-30", "shares": 443277514.66182476, "source": "derived", "ticker": "VGK"}
{"date": "2026-09-30", "shares": 1418119936.0, "source": "reported", "ticker": "VWO"}
{"date": "2026-09-30", "shares": 319504318.5560853, "source": "derived", "ticker": "SHY"}
{"date": "2026-09-30", "shares": 467287048.2757249, "source": "derived", "ticker": "IEF"}
{"date": "2026-09-30", "shares": 109700000.0, "source": "reported", "ticker": "TLT"}
{"date": "2026-09-30", "shares": 144234674.15106928, "source": "derived", "ticker": "TIP"}
{"date": "2026-09-30", "shares": 312838373.4261456, "source": "derived", "ticker": "LQD"}
{"date": "2026-09-30", "shares": 209512864.39737228, "source": "derived", "ticker": "HYG"}
{"date": "2026-09-30", "shares": 163399732.6500497, "source": "derived", "ticker": "EMB"}
{"date": "2026-09-30", "shares": 55408266.17375231, "source": "derived", "ticker": "DBC"}
{"date": "2026-09-30", "shares": 27600000.0, "source": "reported", "ticker": "DBA"}
{"date": "2026-09-30", "shares": 10411597.62983618, "source": "derived", "ticker": "UUP"}
{"date": "2026-09-30", "shares": 186424000.0, "source": "reported", "ticker": "XLE"}
{"date": "2026-09-30", "shares": 883444992.0, "source": "reported", "ticker": "XLF"}
{"date": "2026-09-30", "shares": 56842573.84418915, "source": "derived", "ticker": "KRE"}
{"date": "2026-09-30", "shares": 256474740.25014442, "source": "derived", "ticker": "XLV"}
{"date": "2026-09-30", "shares": 72831788.20330307, "source": "derived", "ticker": "XBI"}
{"date": "2026-09-30", "shares": 624380417.1642419, "source": "derived", "ticker": "XLK"}
{"date": "2026-09-30", "shares": 201771085.2715828, "source": "derived", "ticker": "XLC"}
{"date": "2026-09-30", "shares": 112936973.98953716, "source": "derived", "ticker": "SMH"}
{"date": "2026-09-30", "shares": 12500000.0, "source": "reported", "ticker": "IGV"}
{"date": "2026-09-30", "shares": 136626000.0, "source": "reported", "ticker": "XLI"}
{"date": "2026-09-30", "shares": 65139000.35450049, "source": "derived", "ticker": "ITA"}
{"date": "2026-09-30", "shares": 27877093.22473203, "source": "derived", "ticker": "IYT"}
{"date": "2026-09-30", "shares": 208783830.1067633, "source": "derived", "ticker": "XLY"}
{"date": "2026-09-30", "shares": 210172000.0, "source": "reported", "ticker": "XLP"}
{"date": "2026-09-30", "shares": 163274000.0, "source": "reported", "ticker": "XLU"}
{"date": "2026-09-30", "shares": 71923696.0, "source": "reported", "ticker": "XLB"}
{"date": "2026-09-30", "shares": 781795593.8624572, "source": "derived", "ticker": "VNQ"}
{"date": "2026-09-30", "shares": 13692550.024813341, "source": "derived", "ticker": "XHB"}
{"date": "2026-09-30", "shares": 346411383.8266984, "source": "derived", "ticker": "GDX"}
{"date": "2026-09-30", "shares": 234609022.79400024, "source": "derived", "ticker": "EWJ"}
{"date": "2026-09-30", "shares": 2550000.0, "source": "reported", "ticker": "EIS"}
{"date": "2026-09-30", "shares": 80662981.00876106, "source": "derived", "ticker": "EWU"}
{"date": "2026-09-30", "shares": 79500000.0, "source": "reported", "ticker": "EWG"}
{"date": "2026-09-30", "shares": 28625000.0, "source": "reported", "ticker": "EWL"}
{"date": "2026-09-30", "shares": 5550000.0, "source": "reported", "ticker": "EWN"}
{"date": "2026-09-30", "shares": 18939997.35618394, "source": "derived", "ticker": "EWI"}
{"date": "2026-09-30", "shares": 37350000.0, "source": "reported", "ticker": "EWP"}
{"date": "2026-09-30", "shares": 14897111.486030318, "source": "derived", "ticker": "EWD"}
{"date": "2026-09-30", "shares": 116013258.85984823, "source": "derived", "ticker": "EWC"}
{"date": "2026-09-30", "shares": 46743094.698264904, "source": "derived", "ticker": "EWA"}
{"date": "2026-09-30", "shares": 120277152.18064164, "source": "derived", "ticker": "MCHI"}
{"date": "2026-09-30", "shares": 143506994.37845576, "source": "derived", "ticker": "INDA"}
{"date": "2026-09-30", "shares": 151494225.3268985, "source": "derived", "ticker": "EWY"}
{"date": "2026-09-30", "shares": 102694423.27989188, "source": "derived", "ticker": "EWT"}
{"date": "2026-09-30", "shares": 200550000.0, "source": "reported", "ticker": "EWZ"}
{"date": "2026-09-30", "shares": 18900000.0, "source": "reported", "ticker": "EWW"}
{"date": "2026-09-30", "shares": 17285966.54043617, "source": "derived", "ticker": "KSA"}
{"date": "2026-09-30", "shares": 15650000.0, "source": "reported", "ticker": "TUR"}
{"date": "2026-09-30", "shares": 7900000.0, "source": "reported", "ticker": "EZA"}
{"date": "2026-09-30", "shares": 19047400.232226174, "source": "derived", "ticker": "EPOL"}
{"date": "2026-09-30", "shares": 9417084.777084777, "source": "derived", "ticker": "ARGT"}
{"date": "2026-09-30", "shares": 260300000.0, "source": "reported", "ticker": "GLD"}
{"date": "2026-09-30", "shares": 626178384.6173428, "source": "derived", "ticker": "SLV"}
{"date": "2026-09-30", "shares": 18848425.251840126, "source": "derived", "ticker": "CPER"}
{"date": "2026-09-30", "shares": 12735878.412760217, "source": "derived", "ticker": "USO"}
{"date": "2026-09-30", "shares": 54242007.11477251, "source": "derived", "ticker": "UNG"}
{"date": "2026-09-30", "shares": 8426670.477454258, "source": "derived", "ticker": "CORN"}
{"date": "2026-09-30", "shares": 14501931.000327505, "source": "derived", "ticker": "WEAT"}
{"date": "2026-09-30", "shares": 1692971.3159623384, "source": "derived", "ticker": "SOYB"}
{"date": "2026-09-30", "shares": 5177423.2101668045, "source": "derived", "ticker": "CANE"}
{"date": "2026-10-01", "shares": 481536999.7040149, "source": "derived", "ticker": "RSP"}
{"date": "2026-10-01", "shares": 281049984.0, "source": "reported", "ticker": "IWM"}
{"date": "2026-10-01", "shares": 444589285.13544273, "source": "derived", "ticker": "VGK"}
{"date": "2026-10-01", "shares": 1418119936.0, "source": "reported", "ticker": "VWO"}
{"date": "2026-10-01", "shares": 319287245.32430744, "source": "derived", "ticker": "SHY"}
{"date": "2026-10-01", "shares": 467645421.1196014, "source": "derived", "ticker": "IEF"}
{"date": "2026-10-01", "shares": 109700000.0, "source": "reported", "ticker": "TLT"}
{"date": "2026-10-01", "shares": 144296126.85761014, "source": "derived", "ticker": "TIP"}
{"date": "2026-10-01", "shares": 313122404.6003457, "source": "derived", "ticker": "LQD"}
{"date": "2026-10-01", "shares": 209664977.8038341, "source": "derived", "ticker": "HYG"}
{"date": "2026-10-01", "shares": 163413659.45372307, "source": "derived", "ticker": "EMB"}
{"date": "2026-10-01", "shares": 56134591.76029963, "source": "derived", "ticker": "DBC"}
{"date": "2026-10-01", "shares": 27600000.0, "source": "reported", "ticker": "DBA"}
{"date": "2026-10-01", "shares": 10393484.203201113, "source": "derived", "ticker": "UUP"}
{"date": "2026-10-01", "shares": 186424000.0, "source": "reported", "ticker": "XLE"}
{"date": "2026-10-01", "shares": 883444992.0, "source": "reported", "ticker": "XLF"}
{"date": "2026-10-01", "shares": 57453348.39305295, "source": "derived", "ticker": "KRE"}
{"date": "2026-10-01", "shares": 257289867.97935343, "source": "derived", "ticker": "XLV"}
{"date": "2026-10-01", "shares": 72728015.04840243, "source": "derived", "ticker": "XBI"}
{"date": "2026-10-01", "shares": 624529506.7364202, "source": "derived", "ticker": "XLK"}
{"date": "2026-10-01", "shares": 201295941.46435672, "source": "derived", "ticker": "XLC"}
{"date": "2026-10-01", "shares": 111651591.13863587, "source": "derived", "ticker": "SMH"}
{"date": "2026-10-01", "shares": 12500000.0, "source": "reported", "ticker": "IGV"}
{"date": "2026-10-01", "shares": 136626000.0, "source": "reported", "ticker": "XLI"}
{"date": "2026-10-01", "shares": 65112370.20539054, "source": "derived", "ticker": "ITA"}
{"date": "2026-10-01", "shares": 27738766.55469238, "source": "derived", "ticker": "IYT"}
{"date": "2026-10-01", "shares": 208490506.21815398, "source": "derived", "ticker": "XLY"}
{"date": "2026-10-01", "shares": 210172000.0, "source": "reported", "ticker": "XLP"}
{"date": "2026-10-01", "shares": 163274000.0, "source": "reported", "ticker": "XLU"}
{"date": "2026-10-01", "shares": 71923696.0, "source": "reported", "ticker": "XLB"}
{"date": "2026-10-01", "shares": 782227334.3052794, "source": "derived", "ticker": "VNQ"}
{"date": "2026-10-01", "shares": 13733924.245675689, "source": "derived", "ticker": "XHB"}
{"date": "2026-10-01", "shares": 343257942.36907166, "source": "derived", "ticker": "GDX"}
{"date": "2026-10-01", "shares": 233241689.76228324, "source": "derived", "ticker": "EWJ"}
{"date": "2026-10-01", "shares": 2550000.0, "source": "reported", "ticker": "EIS"}
{"date": "2026-10-01", "shares": 81035957.19854762, "source": "derived", "ticker": "EWU"}
{"date": "2026-10-01", "shares": 79500000.0, "source": "reported", "ticker": "EWG"}
{"date": "2026-10-01", "shares": 28625000.0, "source": "reported", "ticker": "EWL"}
{"date": "2026-10-01", "shares": 5550000.0, "source": "reported", "ticker": "EWN"}
{"date": "2026-10-01", "shares": 19010230.30900731, "source": "derived", "ticker": "EWI"}
{"date": "2026-10-01", "shares": 37350000.0, "source": "reported", "ticker": "EWP"}
{"date": "2026-10-01", "shares": 14936414.174313957, "source": "derived", "ticker": "EWD"}
{"date": "2026-10-01", "shares": 116195358.1621053, "source": "derived", "ticker": "EWC"}
{"date": "2026-10-01", "shares": 46922446.33564347, "source": "derived", "ticker": "EWA"}
{"date": "2026-10-01", "shares": 121140966.18324186, "source": "derived", "ticker": "MCHI"}
{"date": "2026-10-01", "shares": 144016133.49182123, "source": "derived", "ticker": "INDA"}
{"date": "2026-10-01", "shares": 148933949.05143648, "source": "derived", "ticker": "EWY"}
{"date": "2026-10-01", "shares": 103376832.39205813, "source": "derived", "ticker": "EWT"}
{"date": "2026-10-01", "shares": 200550000.0, "source": "reported", "ticker": "EWZ"}
{"date": "2026-10-01", "shares": 18900000.0, "source": "reported", "ticker": "EWW"}
{"date": "2026-10-01", "shares": 17498294.49614423, "source": "derived", "ticker": "KSA"}
{"date": "2026-10-01", "shares": 15650000.0, "source": "reported", "ticker": "TUR"}
{"date": "2026-10-01", "shares": 7900000.0, "source": "reported", "ticker": "EZA"}
{"date": "2026-10-01", "shares": 19193664.413007867, "source": "derived", "ticker": "EPOL"}
{"date": "2026-10-01", "shares": 9441074.571560908, "source": "derived", "ticker": "ARGT"}
{"date": "2026-10-01", "shares": 260300000.0, "source": "reported", "ticker": "GLD"}
{"date": "2026-10-01", "shares": 630972942.4154863, "source": "derived", "ticker": "SLV"}
{"date": "2026-10-01", "shares": 18933563.742808115, "source": "derived", "ticker": "CPER"}
{"date": "2026-10-01", "shares": 13196818.697829718, "source": "derived", "ticker": "USO"}
{"date": "2026-10-01", "shares": 55949509.463113174, "source": "derived", "ticker": "UNG"}
{"date": "2026-10-01", "shares": 8446846.168406943, "source": "derived", "ticker": "CORN"}
{"date": "2026-10-01", "shares": 14478511.222850034, "source": "derived", "ticker": "WEAT"}
{"date": "2026-10-01", "shares": 1681581.5801302036, "source": "derived", "ticker": "SOYB"}
{"date": "2026-10-01", "shares": 5112271.759967639, "source": "derived", "ticker": "CANE"}
{"date": "2026-10-02", "shares": 485056770.03125757, "source": "derived", "ticker": "RSP"}
{"date": "2026-10-02", "shares": 281049984.0, "source": "reported", "ticker": "IWM"}
{"date": "2026-10-02", "shares": 450277978.0057637, "source": "derived", "ticker": "VGK"}
{"date": "2026-10-02", "shares": 1418119936.0, "source": "reported", "ticker": "VWO"}
{"date": "2026-10-02", "shares": 319161679.2150562, "source": "derived", "ticker": "SHY"}
{"date": "2026-10-02", "shares": 468291292.11567754, "source": "derived", "ticker": "IEF"}
{"date": "2026-10-02", "shares": 109700000.0, "source": "reported", "ticker": "TLT"}
{"date": "2026-10-02", "shares": 144300441.05123973, "source": "derived", "ticker": "TIP"}
{"date": "2026-10-02", "shares": 313478392.0125983, "source": "derived", "ticker": "LQD"}
{"date": "2026-10-02", "shares": 209721645.91566584, "source": "derived", "ticker": "HYG"}
{"date": "2026-10-02", "shares": 163841909.83040616, "source": "derived", "ticker": "EMB"}
{"date": "2026-10-02", "shares": 55596671.406491496, "source": "derived", "ticker": "DBC"}
{"date": "2026-10-02", "shares": 27600000.0, "source": "reported", "ticker": "DBA"}
{"date": "2026-10-02", "shares": 10382646.367744178, "source": "derived", "ticker": "UUP"}
{"date": "2026-10-02", "shares": 186424000.0, "source": "reported", "ticker": "XLE"}
{"date": "2026-10-02", "shares": 883444992.0, "source": "reported", "ticker": "XLF"}
{"date": "2026-10-02", "shares": 57787086.8348025, "source": "derived", "ticker": "KRE"}
{"date": "2026-10-02", "shares": 260884610.2572064, "source": "derived", "ticker": "XLV"}
{"date": "2026-10-02", "shares": 72314267.13570915, "source": "derived", "ticker": "XBI"}
{"date": "2026-10-02", "shares": 620614098.8125628, "source": "derived", "ticker": "XLK"}
{"date": "2026-10-02", "shares": 202163677.55806234, "source": "derived", "ticker": "XLC"}
{"date": "2026-10-02", "shares": 111433177.48553392, "source": "derived", "ticker": "SMH"}
{"date": "2026-10-02", "shares": 12500000.0, "source": "reported", "ticker": "IGV"}
{"date": "2026-10-02", "shares": 136626000.0, "source": "reported", "ticker": "XLI"}
{"date": "2026-10-02", "shares": 65806002.395905815, "source": "derived", "ticker": "ITA"}
{"date": "2026-10-02", "shares": 28066858.65694237, "source": "derived", "ticker": "IYT"}
{"date": "2026-10-02", "shares": 209025018.3759754, "source": "derived", "ticker": "XLY"}
{"date": "2026-10-02", "shares": 210172000.0, "source": "reported", "ticker": "XLP"}
{"date": "2026-10-02", "shares": 163274000.0, "source": "reported", "ticker": "XLU"}
{"date": "2026-10-02", "shares": 71923696.0, "source": "reported", "ticker": "XLB"}
{"date": "2026-10-02", "shares": 790345528.9365026, "source": "derived", "ticker": "VNQ"}
{"date": "2026-10-02", "shares": 13873471.26704987, "source": "derived", "ticker": "XHB"}
{"date": "2026-10-02", "shares": 347950463.79585326, "source": "derived", "ticker": "GDX"}
{"date": "2026-10-02", "shares": 232811870.15336826, "source": "derived", "ticker": "EWJ"}
{"date": "2026-10-02", "shares": 2550000.0, "source": "reported", "ticker": "EIS"}
{"date": "2026-10-02", "shares": 81591977.97388706, "source": "derived", "ticker": "EWU"}
{"date": "2026-10-02", "shares": 79500000.0, "source": "reported", "ticker": "EWG"}
{"date": "2026-10-02", "shares": 28625000.0, "source": "reported", "ticker": "EWL"}
{"date": "2026-10-02", "shares": 5550000.0, "source": "reported", "ticker": "EWN"}
{"date": "2026-10-02", "shares": 19300786.000913635, "source": "derived", "ticker": "EWI"}
{"date": "2026-10-02", "shares": 37350000.0, "source": "reported", "ticker": "EWP"}
{"date": "2026-10-02", "shares": 15139394.051089903, "source": "derived", "ticker": "EWD"}
{"date": "2026-10-02", "shares": 117429587.21688412, "source": "derived", "ticker": "EWC"}
{"date": "2026-10-02", "shares": 46883098.23385194, "source": "derived", "ticker": "EWA"}
{"date": "2026-10-02", "shares": 120850267.70411722, "source": "derived", "ticker": "MCHI"}
{"date": "2026-10-02", "shares": 144072469.56672877, "source": "derived", "ticker": "INDA"}
{"date": "2026-10-02", "shares": 151657588.47500515, "source": "derived", "ticker": "EWY"}
{"date": "2026-10-02", "shares": 104019956.6997166, "source": "derived", "ticker": "EWT"}
{"date": "2026-10-02", "shares": 200550000.0, "source": "reported", "ticker": "EWZ"}
{"date": "2026-10-02", "shares": 18900000.0, "source": "reported", "ticker": "EWW"}
{"date": "2026-10-02", "shares": 17524334.017926026, "source": "derived", "ticker": "KSA"}
{"date": "2026-10-02", "shares": 15650000.0, "source": "reported", "ticker": "TUR"}
{"date": "2026-10-02", "shares": 7900000.0, "source": "reported", "ticker": "EZA"}
{"date": "2026-10-02", "shares": 19122371.11405724, "source": "derived", "ticker": "EPOL"}
{"date": "2026-10-02", "shares": 9442167.921250725, "source": "derived", "ticker": "ARGT"}
{"date": "2026-10-02", "shares": 260300000.0, "source": "reported", "ticker": "GLD"}
{"date": "2026-10-02", "shares": 632384909.034552, "source": "derived", "ticker": "SLV"}
{"date": "2026-10-02", "shares": 18878777.747024633, "source": "derived", "ticker": "CPER"}
{"date": "2026-10-02", "shares": 13044021.451555239, "source": "derived", "ticker": "USO"}
{"date": "2026-10-02", "shares": 55669976.94081476, "source": "derived", "ticker": "UNG"}
{"date": "2026-10-02", "shares": 8686646.989809072, "source": "derived", "ticker": "CORN"}
{"date": "2026-10-02", "shares": 14752162.385071365, "source": "derived", "ticker": "WEAT"}
{"date": "2026-10-02", "shares": 1686447.5788861422, "source": "derived", "ticker": "SOYB"}
{"date": "2026-10-02", "shares": 5169596.556906195, "source": "derived", "ticker": "CANE"}
{"date": "2026-10-05", "shares": 481031786.5801898, "source": "derived", "ticker": "RSP"}
{"date": "2026-10-05", "shares": 281049984.0, "source": "reported", "ticker": "IWM"}
{"date": "2026-10-05", "shares": 452154353.4205348, "source": "derived", "ticker": "VGK"}
{"date": "2026-10-05", "shares": 1418119936.0, "source": "reported", "ticker": "VWO"}
{"date": "2026-10-05", "shares": 319828469.19148636, "source": "derived", "ticker": "SHY"}
{"date": "2026-10-05", "shares": 469833959.74782854, "source": "derived", "ticker": "IEF"}
{"date": "2026-10-05", "shares": 109700000.0, "source": "reported", "ticker": "TLT"}
{"date": "2026-10-05", "shares": 144303562.4132537, "source": "derived", "ticker": "TIP"}
{"date": "2026-10-05", "shares": 314881229.16330504, "source": "derived", "ticker": "LQD"}
{"date": "2026-10-05", "shares": 210550760.66507024, "source": "derived", "ticker": "HYG"}
{"date": "2026-10-05", "shares": 165547108.93857074, "source": "derived", "ticker": "EMB"}
{"date": "2026-10-05", "shares": 55493746.37457576, "source": "derived", "ticker": "DBC"}
{"date": "2026-10-05", "shares": 27600000.0, "source": "reported", "ticker": "DBA"}
{"date": "2026-10-05", "shares": 10328794.467496542, "source": "derived", "ticker": "UUP"}
{"date": "2026-10-05", "shares": 186424000.0, "source": "reported", "ticker": "XLE"}
{"date": "2026-10-05", "shares": 883444992.0, "source": "reported", "ticker": "XLF"}
{"date": "2026-10-05", "shares": 56676410.70236042, "source": "derived", "ticker": "KRE"}
{"date": "2026-10-05", "shares": 264367384.88733476, "source": "derived", "ticker": "XLV"}
{"date": "2026-10-05", "shares": 73858074.98831859, "source": "derived", "ticker": "XBI"}
{"date": "2026-10-05", "shares": 607740857.6632729, "source": "derived", "ticker": "XLK"}
{"date": "2026-10-05", "shares": 203390245.39750463, "source": "derived", "ticker": "XLC"}
{"date": "2026-10-05", "shares": 107494379.29623698, "source": "derived", "ticker": "SMH"}
{"date": "2026-10-05", "shares": 12500000.0, "source": "reported", "ticker": "IGV"}
{"date": "2026-10-05", "shares": 136626000.0, "source": "reported", "ticker": "XLI"}
{"date": "2026-10-05", "shares": 65605293.31091395, "source": "derived", "ticker": "ITA"}
{"date": "2026-10-05", "shares": 27479972.73363282, "source": "derived", "ticker": "IYT"}
{"date": "2026-10-05", "shares": 206790837.1733871, "source": "derived", "ticker": "XLY"}
{"date": "2026-10-05", "shares": 210172000.0, "source": "reported", "ticker": "XLP"}
{"date": "2026-10-05", "shares": 163274000.0, "source": "reported", "ticker": "XLU"}
{"date": "2026-10-05", "shares": 71923696.0, "source": "reported", "ticker": "XLB"}
{"date": "2026-10-05", "shares": 791405328.5059783, "source": "derived", "ticker": "VNQ"}
{"date": "2026-10-05", "shares": 13771767.30391284, "source": "derived", "ticker": "XHB"}
{"date": "2026-10-05", "shares": 348585844.69299245, "source": "derived", "ticker": "GDX"}
{"date": "2026-10-05", "shares": 229143773.11088774, "source": "derived", "ticker": "EWJ"}
{"date": "2026-10-05", "shares": 2550000.0, "source": "reported", "ticker": "EIS"}
{"date": "2026-10-05", "shares": 82172521.15429163, "source": "derived", "ticker": "EWU"}
{"date": "2026-10-05", "shares": 79500000.0, "source": "reported", "ticker": "EWG"}
{"date": "2026-10-05", "shares": 28625000.0, "source": "reported", "ticker": "EWL"}
{"date": "2026-10-05", "shares": 5550000.0, "source": "reported", "ticker": "EWN"}
{"date": "2026-10-05", "shares": 19739388.056552015, "source": "derived", "ticker": "EWI"}
{"date": "2026-10-05", "shares": 37350000.0, "source": "reported", "ticker": "EWP"}
{"date": "2026-10-05", "shares": 15146093.410863744, "source": "derived", "ticker": "EWD"}
{"date": "2026-10-05", "shares": 116567943.6214842, "source": "derived", "ticker": "EWC"}
{"date": "2026-10-05", "shares": 47127362.627843045, "source": "derived", "ticker": "EWA"}
{"date": "2026-10-05", "shares": 122743394.9846958, "source": "derived", "ticker": "MCHI"}
{"date": "2026-10-05", "shares": 145268451.20116985, "source": "derived", "ticker": "INDA"}
{"date": "2026-10-05", "shares": 144969029.6808936, "source": "derived", "ticker": "EWY"}
{"date": "2026-10-05", "shares": 101172161.18930613, "source": "derived", "ticker": "EWT"}
{"date": "2026-10-05", "shares": 200550000.0, "source": "reported", "ticker": "EWZ"}
{"date": "2026-10-05", "shares": 18900000.0, "source": "reported", "ticker": "EWW"}
{"date": "2026-10-05", "shares": 17613894.16781172, "source": "derived", "ticker": "KSA"}
{"date": "2026-10-05", "shares": 15650000.0, "source": "reported", "ticker": "TUR"}
{"date": "2026-10-05", "shares": 7900000.0, "source": "reported", "ticker": "EZA"}
{"date": "2026-10-05", "shares": 19739802.15521384, "source": "derived", "ticker": "EPOL"}
{"date": "2026-10-05", "shares": 9636345.585628176, "source": "derived", "ticker": "ARGT"}
{"date": "2026-10-05", "shares": 260300000.0, "source": "reported", "ticker": "GLD"}
{"date": "2026-10-05", "shares": 629241055.7372029, "source": "derived", "ticker": "SLV"}
{"date": "2026-10-05", "shares": 19081873.448626652, "source": "derived", "ticker": "CPER"}
{"date": "2026-10-05", "shares": 12934194.097314544, "source": "derived", "ticker": "USO"}
{"date": "2026-10-05", "shares": 55499340.99616858, "source": "derived", "ticker": "UNG"}
{"date": "2026-10-05", "shares": 8736703.389740823, "source": "derived", "ticker": "CORN"}
{"date": "2026-10-05", "shares": 14644056.334392697, "source": "derived", "ticker": "WEAT"}
{"date": "2026-10-05", "shares": 1701278.412216428, "source": "derived", "ticker": "SOYB"}
{"date": "2026-10-05", "shares": 4928176.932336436, "source": "derived", "ticker": "CANE"}
{"date": "2026-10-06", "shares": 155552992.0, "source": "reported", "ticker": "RSP"}
{"date": "2026-10-06", "shares": 281049984.0, "source": "reported", "ticker": "IWM"}
{"date": "2026-10-06", "shares": 282092992.0, "source": "reported", "ticker": "VGK"}
{"date": "2026-10-06", "shares": 1418119936.0, "source": "reported", "ticker": "VWO"}
{"date": "2026-10-06", "shares": 209300000.0, "source": "reported", "ticker": "SHY"}
{"date": "2026-10-06", "shares": 146000000.0, "source": "reported", "ticker": "IEF"}
{"date": "2026-10-06", "shares": 109700000.0, "source": "reported", "ticker": "TLT"}
{"date": "2026-10-06", "shares": 177700000.0, "source": "reported", "ticker": "TIP"}
{"date": "2026-10-06", "shares": 293500000.0, "source": "reported", "ticker": "LQD"}
{"date": "2026-10-06", "shares": 195600000.0, "source": "reported", "ticker": "HYG"}
{"date": "2026-10-06", "shares": 143477884.87694004, "source": "derived", "ticker": "EMB"}
{"date": "2026-10-06", "shares": 111400000.0, "source": "reported", "ticker": "DBC"}
{"date": "2026-10-06", "shares": 27600000.0, "source": "reported", "ticker": "DBA"}
{"date": "2026-10-06", "shares": 14907904.840940524, "source": "derived", "ticker": "UUP"}
{"date": "2026-10-06", "shares": 186424000.0, "source": "reported", "ticker": "XLE"}
{"date": "2026-10-06", "shares": 883444992.0, "source": "reported", "ticker": "XLF"}
{"date": "2026-10-06", "shares": 52670416.80173254, "source": "derived", "ticker": "KRE"}
{"date": "2026-10-06", "shares": 197415008.0, "source": "reported", "ticker": "XLV"}
{"date": "2026-10-06", "shares": 67077064.72389947, "source": "derived", "ticker": "XBI"}
{"date": "2026-10-06", "shares": 272056000.0, "source": "reported", "ticker": "XLK"}
{"date": "2026-10-06", "shares": 204281934.2649373, "source": "derived", "ticker": "XLC"}
{"date": "2026-10-06", "shares": 11670900.0, "source": "reported", "ticker": "SMH"}
{"date": "2026-10-06", "shares": 12500000.0, "source": "reported", "ticker": "IGV"}
{"date": "2026-10-06", "shares": 136626000.0, "source": "reported", "ticker": "XLI"}
{"date": "2026-10-06", "shares": 58421269.59630186, "source": "derived", "ticker": "ITA"}
{"date": "2026-10-06", "shares": 2800000.0, "source": "reported", "ticker": "IYT"}
{"date": "2026-10-06", "shares": 120253000.0, "source": "reported", "ticker": "XLY"}
{"date": "2026-10-06", "shares": 210172000.0, "source": "reported", "ticker": "XLP"}
{"date": "2026-10-06", "shares": 163274000.0, "source": "reported", "ticker": "XLU"}
{"date": "2026-10-06", "shares": 71923696.0, "source": "reported", "ticker": "XLB"}
{"date": "2026-10-06", "shares": 370180992.0, "source": "reported", "ticker": "VNQ"}
{"date": "2026-10-06", "shares": 14790786.743509294, "source": "derived", "ticker": "XHB"}
{"date": "2026-10-06", "shares": 299643202.55649394, "source": "derived", "ticker": "GDX"}
{"date": "2026-10-06", "shares": 227850000.0, "source": "reported", "ticker": "EWJ"}
{"date": "2026-10-06", "shares": 2550000.0, "source": "reported", "ticker": "EIS"}
{"date": "2026-10-06", "shares": 67800000.0, "source": "reported", "ticker": "EWU"}
{"date": "2026-10-06", "shares": 79500000.0, "source": "reported", "ticker": "EWG"}
{"date": "2026-10-06", "shares": 28625000.0, "source": "reported", "ticker": "EWL"}
{"date": "2026-10-06", "shares": 5550000.0, "source": "reported", "ticker": "EWN"}
{"date": "2026-10-06", "shares": 8550000.0, "source": "reported", "ticker": "EWI"}
{"date": "2026-10-06", "shares": 37350000.0, "source": "reported", "ticker": "EWP"}
{"date": "2026-10-06", "shares": 7650000.0, "source": "reported", "ticker": "EWD"}
{"date": "2026-10-06", "shares": 94800000.0, "source": "reported", "ticker": "EWC"}
{"date": "2026-10-06", "shares": 63600000.0, "source": "reported", "ticker": "EWA"}
{"date": "2026-10-06", "shares": 116192074.1058069, "source": "derived", "ticker": "MCHI"}
{"date": "2026-10-06", "shares": 125533489.41013046, "source": "derived", "ticker": "INDA"}
{"date": "2026-10-06", "shares": 75600000.0, "source": "reported", "ticker": "EWY"}
{"date": "2026-10-06", "shares": 85000000.0, "source": "reported", "ticker": "EWT"}
{"date": "2026-10-06", "shares": 200550000.0, "source": "reported", "ticker": "EWZ"}
{"date": "2026-10-06", "shares": 18900000.0, "source": "reported", "ticker": "EWW"}
{"date": "2026-10-06", "shares": 16232535.200660523, "source": "derived", "ticker": "KSA"}
{"date": "2026-10-06", "shares": 15650000.0, "source": "reported", "ticker": "TUR"}
{"date": "2026-10-06", "shares": 7900000.0, "source": "reported", "ticker": "EZA"}
{"date": "2026-10-06", "shares": 19407022.654482316, "source": "derived", "ticker": "EPOL"}
{"date": "2026-10-06", "shares": 8496028.365441438, "source": "derived", "ticker": "ARGT"}
{"date": "2026-10-06", "shares": 260300000.0, "source": "reported", "ticker": "GLD"}
{"date": "2026-10-06", "shares": 341449984.0, "source": "reported", "ticker": "SLV"}
{"date": "2026-10-06", "shares": 18142883.418107834, "source": "derived", "ticker": "CPER"}
{"date": "2026-10-06", "shares": 119100000.0, "source": "reported", "ticker": "USO"}
{"date": "2026-10-06", "shares": 12084600.0, "source": "reported", "ticker": "UNG"}
{"date": "2026-10-06", "shares": 6889468.838302061, "source": "derived", "ticker": "CORN"}
{"date": "2026-10-06", "shares": 11470312.162227564, "source": "derived", "ticker": "WEAT"}
{"date": "2026-10-06", "shares": 1664510.1620202286, "source": "derived", "ticker": "SOYB"}
{"date": "2026-10-06", "shares": 4504352.101452962, "source": "derived", "ticker": "CANE"}
